Script started on Wed 08 Aug 2018 01:48:04 PM UTC
[root@localhost ~]# gdisk /dev/sdb
GPT fdisk (gdisk) version 0.8.6

Partition table scan:
  MBR: not present
  BSD: not present
  APM: not present
  GPT: not present

Creating new GPT entries.

Command (? for help): n
Partition number (1-128, default 1): 
First sector (34-511966, default = 2048) or {+-}size{KMGTP}: 
Last sector (2048-511966, default = 511966) or {+-}size{KMGTP}: 
Current type is 'Linux filesystem'
Hex code or GUID (L to show codes, Enter = 8300): 
Changed type of partition to 'Linux filesystem'

Command (? for help): w

Final checks complete. About to write GPT data. THIS WILL OVERWRITE EXISTING
PARTITIONS!!

Do you want to proceed? (Y/N): y
OK; writing new GUID partition table (GPT) to /dev/sdb.
The operation has completed successfully.
[root@localhost ~]# gdisk /dev/sdb[Kc
GPT fdisk (gdisk) version 0.8.6

Partition table scan:
  MBR: not present
  BSD: not present
  APM: not present
  GPT: not present

Creating new GPT entries.

Command (? for help): n
Partition number (1-128, default 1): 
First sector (34-511966, default = 2048) or {+-}size{KMGTP}: 
Last sector (2048-511966, default = 511966) or {+-}size{KMGTP}: 
Current type is 'Linux filesystem'
Hex code or GUID (L to show codes, Enter = 8300): 
Changed type of partition to 'Linux filesystem'

Command (? for help): 

Command (? for help): 

Command (? for help): w

Final checks complete. About to write GPT data. THIS WILL OVERWRITE EXISTING
PARTITIONS!!

Do you want to proceed? (Y/N): y
OK; writing new GUID partition table (GPT) to /dev/sdc.
The operation has completed successfully.
[root@localhost ~]# gdisk /dev/sdc[Kd
GPT fdisk (gdisk) version 0.8.6

Partition table scan:
  MBR: not present
  BSD: not present
  APM: not present
  GPT: not present

Creating new GPT entries.

Command (? for help): n
Partition number (1-128, default 1): 
First sector (34-511966, default = 2048) or {+-}size{KMGTP}: 
Last sector (2048-511966, default = 511966) or {+-}size{KMGTP}: 
Current type is 'Linux filesystem'
Hex code or GUID (L to show codes, Enter = 8300): 
Changed type of partition to 'Linux filesystem'

Command (? for help): 

Command (? for help): 

Command (? for help): w

Final checks complete. About to write GPT data. THIS WILL OVERWRITE EXISTING
PARTITIONS!!

Do you want to proceed? (Y/N): y
OK; writing new GUID partition table (GPT) to /dev/sdd.
The operation has completed successfully.
[root@localhost ~]# gdisk /dev/sdd[Ke
GPT fdisk (gdisk) version 0.8.6

Partition table scan:
  MBR: not present
  BSD: not present
  APM: not present
  GPT: not present

Creating new GPT entries.

Command (? for help): 

Command (? for help): n
Partition number (1-128, default 1): 
First sector (34-511966, default = 2048) or {+-}size{KMGTP}: 
Last sector (2048-511966, default = 511966) or {+-}size{KMGTP}: 
Current type is 'Linux filesystem'
Hex code or GUID (L to show codes, Enter = 8300): 
Changed type of partition to 'Linux filesystem'

Command (? for help): 

Command (? for help): 

Command (? for help): 

Command (? for help): w

Final checks complete. About to write GPT data. THIS WILL OVERWRITE EXISTING
PARTITIONS!!

Do you want to proceed? (Y/N): y
OK; writing new GUID partition table (GPT) to /dev/sde.
The operation has completed successfully.
[root@localhost ~]# gdisk /dev/sde[Kf
GPT fdisk (gdisk) version 0.8.6

Partition table scan:
  MBR: not present
  BSD: not present
  APM: not present
  GPT: not present

Creating new GPT entries.

Command (? for help): n
Partition number (1-128, default 1): 
First sector (34-511966, default = 2048) or {+-}size{KMGTP}: 
Last sector (2048-511966, default = 511966) or {+-}size{KMGTP}: 
Current type is 'Linux filesystem'
Hex code or GUID (L to show codes, Enter = 8300): 
Changed type of partition to 'Linux filesystem'

Command (? for help): 

Command (? for help): 

Command (? for help): w

Final checks complete. About to write GPT data. THIS WILL OVERWRITE EXISTING
PARTITIONS!!

Do you want to proceed? (Y/N): y
OK; writing new GUID partition table (GPT) to /dev/sdf.
The operation has completed successfully.
[root@localhost ~]# 
[root@localhost ~]# pvcreate /dev/sdb1 /dev/sdbc1 /[K[K[K[K[Kcv[K1 /dev/sdd1 /dev/sde1 /dev/sdd1[K[Kf1
  Physical volume "/dev/sdb1" successfully created.
  Physical volume "/dev/sdc1" successfully created.
  Physical volume "/dev/sdd1" successfully created.
  Physical volume "/dev/sde1" successfully created.
  Physical volume "/dev/sdf1" successfully created.
[root@localhost ~]# pvscan
  PV /dev/sda3   VG VolGroup00      lvm2 [<38.97 GiB / 0    free]
  PV /dev/sdf1                      lvm2 [248.98 MiB]
  PV /dev/sdd1                      lvm2 [248.98 MiB]
  PV /dev/sdc1                      lvm2 [248.98 MiB]
  PV /dev/sdb1                      lvm2 [248.98 MiB]
  PV /dev/sde1                      lvm2 [248.98 MiB]
  Total: 6 [40.18 GiB] / in use: 1 [<38.97 GiB] / in no VG: 5 [<1.22 GiB]
[root@localhost ~]# ls -lh
total 20K
-rw-------. 1 root root 5.7K May 12 18:55 anaconda-ks.cfg
-rw-------. 1 root root 5.4K May 12 18:55 original-ks.cfg
-rw-r--r--. 1 root root 4.0K Aug  8 13:48 typescript
[root@localhost ~]# pvextend VolGroup00[1P[1P[1@v[1@g[C[C[C[C[C[C[C[C[C[C[C[C[C[C[C[C[C /dev/sdb1
  Volume group "VolGroup00" successfully extended
[root@localhost ~]# lvee[K[K[K[Klvscan
  ACTIVE            '/dev/VolGroup00/LogVol00' [<37.47 GiB] inherit
  ACTIVE            '/dev/VolGroup00/LogVol01' [1.50 GiB] inherit
[root@localhost ~]# lvextend /dev/VolGroup00/LogVol00 /dev/sdb1
  Size of logical volume VolGroup00/LogVol00 changed from <37.47 GiB (1199 extents) to <37.69 GiB (1206 extents).
  Logical volume VolGroup00/LogVol00 successfully resized.
[root@localhost ~]# growf[K[K[K[K[K/dev/VolGroup00/LogVol00[K[K[K[K[K[K[K[K[K[K[K[K[K[K[K[K[K[K[K[K[K[K[K[Kxfs_growfs /dev/VolGroup00/LogVol00
meta-data=/dev/mapper/VolGroup00-LogVol00 isize=512    agcount=4, agsize=2455552 blks
         =                       sectsz=512   attr=2, projid32bit=1
         =                       crc=1        finobt=0 spinodes=0
data     =                       bsize=4096   blocks=9822208, imaxpct=25
         =                       sunit=0      swidth=0 blks
naming   =version 2              bsize=4096   ascii-ci=0 ftype=1
log      =internal               bsize=4096   blocks=4796, version=2
         =                       sectsz=512   sunit=0 blks, lazy-count=1
realtime =none                   extsz=4096   blocks=0, rtextents=0
data blocks changed from 9822208 to 9879552
[root@localhost ~]# lvscan
  ACTIVE            '/dev/VolGroup00/LogVol00' [<37.69 GiB] inherit
  ACTIVE            '/dev/VolGroup00/LogVol01' [1.50 GiB] inherit
[root@localhost ~]# vgcreate /dev[K[K[K[Kvarvg /dev/sdc21[K[K1 /dev/sdd1
  Volume group "varvg" successfully created
[root@localhost ~]# lvcreate -l 100%FREE -n varLV varvg
  Logical volume "varLV" created.
[root@localhost ~]# mkfs -t ext4 [K[K[K[K[K[K[K[K[K[K[K[K[Klvscan
  ACTIVE            '/dev/VolGroup00/LogVol00' [<37.69 GiB] inherit
  ACTIVE            '/dev/VolGroup00/LogVol01' [1.50 GiB] inherit
  ACTIVE            '/dev/varvg/varLV' [488.00 MiB] inherit
[root@localhost ~]# mkfs -t etx[K[Kxt4 [K[K[K[K[K[K[K[K[K[K[K[K[Klvscan
  ACTIVE            '/dev/VolGroup00/LogVol00' [<37.69 GiB] inherit
  ACTIVE            '/dev/VolGroup00/LogVol01' [1.50 GiB] inherit
  ACTIVE            '/dev/varvg/varLV' [488.00 MiB] inherit
[root@localhost ~]# lvscancreate -l 100%FREE -n varLV varvg[C[C[C[C[C[C[C[C[C[C[C[C[C[C[C[C[C[C[C[C[1Pvgcreate varvg /dev/sdc1 /dev/sdd1[C[C[C[C[C[C[C[C[C[C[C[C[C[C[C[C[C[C[C[Clvscan[Kvgcreate varvg /dev/sdc1 /dev/sdd1[C[C[C[C[C[C[C[C[C[C[C[C[C[C[C[C[C[C[C[Clvcreate -l 100%FREE -n varLV varvg[C[C[C[C[C[C[C[C[C[C[C[C[C[C[C[C[C[C[C[C[C[Cscan[K[Kmkfs -t ext4 /dev/varvg/varLV
mke2fs 1.42.9 (28-Dec-2013)
Filesystem label=
OS type: Linux
Block size=1024 (log=0)
Fragment size=1024 (log=0)
Stride=0 blocks, Stripe width=0 blocks
124928 inodes, 499712 blocks
24985 blocks (5.00%) reserved for the super user
First data block=1
Maximum filesystem blocks=34078720
61 block groups
8192 blocks per group, 8192 fragments per group
2048 inodes per group
Superblock backups stored on blocks: 
	8193, 24577, 40961, 57345, 73729, 204801, 221185, 401409

Allocating group tables:  0/61     done                            
Writing inode tables:  0/61     done                            
Creating journal (8192 blocks): done
Writing superblocks and filesystem accounting information:  0/61     done

[root@localhost ~]# mkdir /mnt/var_new
[root@localhost ~]# mount /dev/varvg/varLV /mnt/var_new/
[root@localhost ~]# df -h
Filesystem                       Size  Used Avail Use% Mounted on
/dev/mapper/VolGroup00-LogVol00   38G  835M   37G   3% /
devtmpfs                         487M     0  487M   0% /dev
tmpfs                            496M     0  496M   0% /dev/shm
tmpfs                            496M  6.8M  490M   2% /run
tmpfs                            496M     0  496M   0% /sys/fs/cgroup
/dev/sda2                       1014M   63M  952M   7% /boot
tmpfs                            100M     0  100M   0% /run/user/0
tmpfs                            100M     0  100M   0% /run/user/1000
/dev/mapper/varvg-varLV          465M  2.3M  434M   1% /mnt/var_new
[root@localhost ~]# rsync -avHPSAX /var /mnt/var_new/
sending incremental file list
var/
var/.updated
            163 100%    0.00kB/s    0:00:00              163 100%    0.00kB/s    0:00:00 (xfr#1, ir-chk=1026/1028)
var/lock -> ../run/lock
var/mail -> spool/mail
var/run -> ../run
var/adm/
var/cache/
var/cache/ldconfig/
var/cache/ldconfig/aux-cache
         16,858 100%   16.08MB/s    0:00:00           16,858 100%   16.08MB/s    0:00:00 (xfr#2, ir-chk=1003/1028)
var/cache/man/
var/cache/man/CACHEDIR.TAG
            190 100%  185.55kB/s    0:00:00              190 100%  185.55kB/s    0:00:00 (xfr#3, ir-chk=1012/1038)
var/cache/man/index.db
         16,384 100%   15.62MB/s    0:00:00           16,384 100%   15.62MB/s    0:00:00 (xfr#4, ir-chk=1011/1038)
var/cache/man/cat1/
var/cache/man/cat2/
var/cache/man/cat3/
var/cache/man/cat4/
var/cache/man/cat5/
var/cache/man/cat6/
var/cache/man/cat7/
var/cache/man/cat8/
var/cache/man/cat9/
var/cache/man/local/
var/cache/man/local/index.db
         16,384 100%   15.62MB/s    0:00:00           16,384 100%   15.62MB/s    0:00:00 (xfr#5, ir-chk=1010/1048)
var/cache/man/local/cat1/
var/cache/man/local/cat2/
var/cache/man/local/cat3/
var/cache/man/local/cat4/
var/cache/man/local/cat5/
var/cache/man/local/cat6/
var/cache/man/local/cat7/
var/cache/man/local/cat8/
var/cache/man/local/cat9/
var/cache/yum/
var/cache/yum/x86_64/
var/cache/yum/x86_64/7/
var/cache/yum/x86_64/7/.gpgkeyschecked.yum
              0 100%    0.00kB/s    0:00:00 (xfr#6, ir-chk=1008/1058)
var/cache/yum/x86_64/7/timedhosts
             81 100%   79.10kB/s    0:00:00               81 100%   79.10kB/s    0:00:00 (xfr#7, ir-chk=1007/1058)
var/cache/yum/x86_64/7/timedhosts.txt
            378 100%  184.57kB/s    0:00:00              378 100%  184.57kB/s    0:00:00 (xfr#8, ir-chk=1006/1058)
var/cache/yum/x86_64/7/base/
var/cache/yum/x86_64/7/base/03d0a660eb33174331aee3e077e11d4c017412d761b7f2eaa8555e7898e701e0-primary.sqlite.bz2
         32,768   0%   15.62MB/s    0:00:00        6,161,792 100%   52.47MB/s    0:00:00 (xfr#9, ir-chk=1012/1068)
var/cache/yum/x86_64/7/base/29b154c359eaf12b9e35d0d5c649ebd62ce43333f39f02f33ed7b08c3b927e20-c7-x86_64-comps.xml.gz
         32,768  19%  280.70kB/s    0:00:00          169,476 100%    1.37MB/s    0:00:00 (xfr#10, ir-chk=1011/1068)
var/cache/yum/x86_64/7/base/cachecookie
              0 100%    0.00kB/s    0:00:00 (xfr#11, ir-chk=1010/1068)
var/cache/yum/x86_64/7/base/mirrorlist.txt
            517 100%    4.28kB/s    0:00:00              517 100%    4.28kB/s    0:00:00 (xfr#12, ir-chk=1009/1068)
var/cache/yum/x86_64/7/base/repomd.xml
          3,736 100%   30.92kB/s    0:00:00            3,736 100%   30.92kB/s    0:00:00 (xfr#13, ir-chk=1008/1068)
var/cache/yum/x86_64/7/base/gen/
var/cache/yum/x86_64/7/base/gen/primary_db.sqlite
         32,768   0%  268.91kB/s    0:01:53       30,611,456 100%   57.58MB/s    0:00:00 (xfr#14, ir-chk=1005/1068)
var/cache/yum/x86_64/7/base/packages/
var/cache/yum/x86_64/7/extras/
var/cache/yum/x86_64/7/extras/21b4efa4ea5cb3259f85ca11fd36b21904c747683a538cc1aba434b9a4e2bbf6-primary.sqlite.bz2
         32,768  18%   62.99kB/s    0:00:02          177,325 100%  338.88kB/s    0:00:00 (xfr#15, ir-chk=1014/1078)
var/cache/yum/x86_64/7/extras/cachecookie
              0 100%    0.00kB/s    0:00:00 (xfr#16, ir-chk=1013/1078)
var/cache/yum/x86_64/7/extras/mirrorlist.txt
            559 100%    1.07kB/s    0:00:00              559 100%    1.07kB/s    0:00:00 (xfr#17, ir-chk=1012/1078)
var/cache/yum/x86_64/7/extras/repomd.xml
          3,444 100%    6.57kB/s    0:00:00            3,444 100%    6.57kB/s    0:00:00 (xfr#18, ir-chk=1011/1078)
var/cache/yum/x86_64/7/extras/gen/
var/cache/yum/x86_64/7/extras/gen/primary_db.sqlite
         32,768   3%   62.38kB/s    0:00:13          883,712 100%    1.61MB/s    0:00:00 (xfr#19, ir-chk=1008/1078)
var/cache/yum/x86_64/7/extras/packages/
var/cache/yum/x86_64/7/updates/
var/cache/yum/x86_64/7/updates/0d7e660988dcc434ec5dec72067655f9b0ef44e6164d3fb85bda2bd1b09534db-primary.sqlite.bz2
         32,768   0%   60.95kB/s    0:01:13        4,515,677 100%    7.36MB/s    0:00:00 (xfr#20, ir-chk=1007/1078)
var/cache/yum/x86_64/7/updates/cachecookie
              0 100%    0.00kB/s    0:00:00 (xfr#21, ir-chk=1006/1078)
var/cache/yum/x86_64/7/updates/mirrorlist.txt
            592 100%    0.99kB/s    0:00:00              592 100%    0.99kB/s    0:00:00 (xfr#22, ir-chk=1005/1078)
var/cache/yum/x86_64/7/updates/repomd.xml
          3,460 100%    5.77kB/s    0:00:00            3,460 100%    5.77kB/s    0:00:00 (xfr#23, ir-chk=1004/1078)
var/cache/yum/x86_64/7/updates/gen/
var/cache/yum/x86_64/7/updates/gen/primary_db.sqlite
         32,768   0%   54.42kB/s    0:06:53       22,529,024 100%   24.55MB/s    0:00:00 (xfr#24, ir-chk=1001/1078)
var/cache/yum/x86_64/7/updates/packages/
var/db/
var/db/Makefile
          5,345 100%    5.83kB/s    0:00:00            5,345 100%    5.83kB/s    0:00:00 (xfr#25, ir-chk=1010/1088)
var/db/sudo/
var/db/sudo/lectured/
var/empty/
var/empty/sshd/
var/games/
var/gopher/
var/kerberos/
var/kerberos/krb5/
var/kerberos/krb5/user/
var/lib/
var/lib/NetworkManager/
var/lib/NetworkManager/NetworkManager-intern.conf
            939 100%    1.02kB/s    0:00:00              939 100%    1.02kB/s    0:00:00 (xfr#26, ir-chk=1008/1118)
var/lib/NetworkManager/dhclient-1d84beee-36a3-34d3-8c10-6fb2d5a775bc-eth1.lease
              0 100%    0.00kB/s    0:00:00 (xfr#27, ir-chk=1007/1118)
var/lib/NetworkManager/dhclient-5fb06bd0-0bb0-7ffb-45f1-d6edd65f3e03-eth0.lease
            447 100%    0.49kB/s    0:00:00              447 100%    0.49kB/s    0:00:00 (xfr#28, ir-chk=1006/1118)
var/lib/NetworkManager/dhclient-eth0.conf
            376 100%    0.41kB/s    0:00:00              376 100%    0.41kB/s    0:00:00 (xfr#29, ir-chk=1005/1118)
var/lib/NetworkManager/dhclient-eth1.conf
            376 100%    0.41kB/s    0:00:00              376 100%    0.41kB/s    0:00:00 (xfr#30, ir-chk=1004/1118)
var/lib/NetworkManager/secret_key
             32 100%    0.03kB/s    0:00:00               32 100%    0.03kB/s    0:00:00 (xfr#31, ir-chk=1003/1118)
var/lib/NetworkManager/timestamps
            100 100%    0.11kB/s    0:00:00              100 100%    0.11kB/s    0:00:00 (xfr#32, ir-chk=1002/1118)
var/lib/alternatives/
var/lib/alternatives/ld
             57 100%    0.06kB/s    0:00:00               57 100%    0.06kB/s    0:00:00 (xfr#33, ir-chk=1011/1128)
var/lib/alternatives/libnssckbi.so.x86_64
            101 100%    0.11kB/s    0:00:00              101 100%    0.11kB/s    0:00:00 (xfr#34, ir-chk=1010/1128)
var/lib/alternatives/mta
            689 100%    0.70kB/s    0:00:00              689 100%    0.70kB/s    0:00:00 (xfr#35, ir-chk=1009/1128)
var/lib/authconfig/
var/lib/authconfig/last/
var/lib/authconfig/last/authconfig
              0 100%    0.00kB/s    0:00:00 (xfr#36, ir-chk=1007/1128)
var/lib/authconfig/last/libuser.conf
          2,391 100%    2.37kB/s    0:00:00            2,391 100%    2.37kB/s    0:00:00 (xfr#37, ir-chk=1006/1128)
var/lib/authconfig/last/login.defs
          2,028 100%    1.96kB/s    0:00:00            2,028 100%    1.96kB/s    0:00:01 (xfr#38, ir-chk=1005/1128)
var/lib/authconfig/last/openldap.conf
            363 100%    0.35kB/s    0:00:00              363 100%    0.35kB/s    0:00:01 (xfr#39, ir-chk=1004/1128)
var/lib/chrony/
var/lib/dbus/
var/lib/dhclient/
var/lib/games/
var/lib/gssproxy/
var/lib/gssproxy/default.sock
var/lib/gssproxy/clients/
var/lib/gssproxy/rcache/
var/lib/hyperv/
var/lib/initramfs/
var/lib/logrotate/
var/lib/logrotate/logrotate.status
            422 100%    0.40kB/s    0:00:00              422 100%    0.40kB/s    0:00:01 (xfr#40, ir-chk=1000/1128)
var/lib/machines/
var/lib/misc/
var/lib/misc/postfix.aliasesdb-stamp
              0 100%    0.00kB/s    0:00:00 (xfr#41, ir-chk=1009/1138)
var/lib/nfs/
var/lib/nfs/etab
              0 100%    0.00kB/s    0:00:00 (xfr#42, ir-chk=1008/1138)
var/lib/nfs/rmtab
              0 100%    0.00kB/s    0:00:00 (xfr#43, ir-chk=1007/1138)
var/lib/nfs/state
              0 100%    0.00kB/s    0:00:00 (xfr#44, ir-chk=1006/1138)
var/lib/nfs/xtab
              0 100%    0.00kB/s    0:00:00 (xfr#45, ir-chk=1005/1138)
var/lib/nfs/rpc_pipefs/
var/lib/nfs/rpc_pipefs/cache/
var/lib/nfs/rpc_pipefs/gssd/
var/lib/nfs/rpc_pipefs/gssd/clntXX/
var/lib/nfs/rpc_pipefs/gssd/clntXX/gssd
var/lib/nfs/rpc_pipefs/gssd/clntXX/info
              0 100%    0.00kB/s    0:00:00 (xfr#46, ir-chk=1003/1151)
var/lib/nfs/rpc_pipefs/lockd/
var/lib/nfs/rpc_pipefs/mount/
var/lib/nfs/rpc_pipefs/nfs/
var/lib/nfs/rpc_pipefs/nfsd/
var/lib/nfs/rpc_pipefs/nfsd4_cb/
var/lib/nfs/rpc_pipefs/portmap/
var/lib/nfs/rpc_pipefs/statd/
var/lib/nfs/statd/
var/lib/nfs/statd/sm.bak/
var/lib/nfs/statd/sm/
var/lib/nfs/v4recovery/
var/lib/os-prober/
var/lib/plymouth/
var/lib/plymouth/boot-duration
          1,565 100%    1.49kB/s    0:00:00            1,565 100%    1.49kB/s    0:00:01 (xfr#47, ir-chk=1000/1151)
var/lib/polkit-1/
var/lib/polkit-1/localauthority/
var/lib/polkit-1/localauthority/10-vendor.d/
var/lib/polkit-1/localauthority/20-org.d/
var/lib/polkit-1/localauthority/30-site.d/
var/lib/polkit-1/localauthority/50-local.d/
var/lib/polkit-1/localauthority/90-mandatory.d/
var/lib/postfix/
var/lib/postfix/master.lock
             33 100%    0.03kB/s    0:00:00               33 100%    0.03kB/s    0:00:01 (xfr#48, ir-chk=1003/1161)
var/lib/rpcbind/
var/lib/rpm-state/
var/lib/rpm/
var/lib/rpm/.dbenv.lock
              0 100%    0.00kB/s    0:00:00 (xfr#49, ir-chk=1022/1181)
var/lib/rpm/.rpm.lock
              0 100%    0.00kB/s    0:00:00 (xfr#50, ir-chk=1021/1181)
var/lib/rpm/Basenames
         32,768   2%   31.19kB/s    0:00:49           65,536   4%   62.32kB/s    0:00:24        1,581,056 100%    1.42MB/s    0:00:01 (xfr#51, ir-chk=1020/1181)
var/lib/rpm/Conflictname
          8,192 100%  222.22kB/s    0:00:00            8,192 100%  222.22kB/s    0:00:00 (xfr#52, ir-chk=1019/1181)
var/lib/rpm/Dirnames
         32,768   7%  864.86kB/s    0:00:00          425,984 100%    8.12MB/s    0:00:00 (xfr#53, ir-chk=1018/1181)
var/lib/rpm/Group
          8,192 100%  160.00kB/s    0:00:00            8,192 100%  160.00kB/s    0:00:00 (xfr#54, ir-chk=1017/1181)
var/lib/rpm/Installtid
         12,288 100%  240.00kB/s    0:00:00           12,288 100%  240.00kB/s    0:00:00 (xfr#55, ir-chk=1016/1181)
var/lib/rpm/Name
         24,576 100%  470.59kB/s    0:00:00           24,576 100%  470.59kB/s    0:00:00 (xfr#56, ir-chk=1015/1181)
var/lib/rpm/Obsoletename
          8,192 100%  156.86kB/s    0:00:00            8,192 100%  156.86kB/s    0:00:00 (xfr#57, ir-chk=1014/1181)
var/lib/rpm/Packages
         32,768   0%  603.77kB/s    0:01:12       43,683,840 100%   52.08MB/s    0:00:00 (xfr#58, ir-chk=1013/1181)
var/lib/rpm/Providename
         32,768   1%   40.00kB/s    0:00:43        1,765,376 100%    2.01MB/s    0:00:00 (xfr#59, ir-chk=1012/1181)
var/lib/rpm/Requirename
         32,768  22%   38.10kB/s    0:00:02          143,360 100%  165.48kB/s    0:00:00 (xfr#60, ir-chk=1011/1181)
var/lib/rpm/Sha1header
         32,768  80%   37.78kB/s    0:00:00           40,960 100%   47.23kB/s    0:00:00 (xfr#61, ir-chk=1010/1181)
var/lib/rpm/Sigmd5
         24,576 100%   28.27kB/s    0:00:00           24,576 100%   28.27kB/s    0:00:00 (xfr#62, ir-chk=1009/1181)
var/lib/rpm/Triggername
          8,192 100%    9.42kB/s    0:00:00            8,192 100%    9.42kB/s    0:00:00 (xfr#63, ir-chk=1008/1181)
var/lib/rpm/__db.001
         32,768  12%   37.69kB/s    0:00:06          270,336 100%  308.77kB/s    0:00:00 (xfr#64, ir-chk=1007/1181)
var/lib/rpm/__db.002
         32,768  40%   37.43kB/s    0:00:01           81,920 100%   92.70kB/s    0:00:00 (xfr#65, ir-chk=1006/1181)
var/lib/rpm/__db.003
         32,768   2%   37.08kB/s    0:00:34        1,318,912 100%    1.42MB/s    0:00:00 (xfr#66, ir-chk=1005/1181)
var/lib/rsyslog/
var/lib/rsyslog/imjournal.state
            122 100%    0.13kB/s    0:00:00              122 100%    0.13kB/s    0:00:00 (xfr#67, ir-chk=1004/1181)
var/lib/stateless/
var/lib/stateless/state/
var/lib/stateless/writable/
var/lib/systemd/
var/lib/systemd/random-seed
          1,024 100%    1.13kB/s    0:00:00            1,024 100%    1.13kB/s    0:00:00 (xfr#68, ir-chk=1011/1191)
var/lib/systemd/catalog/
var/lib/systemd/catalog/database
         32,768  55%   36.04kB/s    0:00:00           58,947 100%   64.83kB/s    0:00:00 (xfr#69, ir-chk=1008/1191)
var/lib/systemd/coredump/
var/lib/tuned/
var/lib/yum/
var/lib/yum/uuid
             36 100%    0.04kB/s    0:00:00               36 100%    0.04kB/s    0:00:00 (xfr#70, ir-chk=1007/1191)
var/lib/yum/history/
var/lib/yum/history/history-2018-05-12.sqlite
         32,768   7%   35.87kB/s    0:00:10          417,792 100%  453.33kB/s    0:00:00 (xfr#71, ir-chk=1002/1191)
var/lib/yum/history/history-2018-05-12.sqlite-journal
         14,960 100%   16.23kB/s    0:00:00           14,960 100%   16.23kB/s    0:00:00 (xfr#72, ir-chk=1001/1191)
var/lib/yum/history/2018-05-12/
var/lib/yum/history/2018-05-12/1/
var/lib/yum/history/2018-05-12/1/config-main
          3,825 100%    3.52kB/s    0:00:00            3,825 100%    3.52kB/s    0:00:01 (xfr#73, ir-chk=1006/1201)
var/lib/yum/history/2018-05-12/1/config-repos
          4,512 100%    3.92kB/s    0:00:00            4,512 100%    3.92kB/s    0:00:01 (xfr#74, ir-chk=1005/1201)
var/lib/yum/history/2018-05-12/2/
var/lib/yum/history/2018-05-12/2/config-main
          3,808 100%    3.31kB/s    0:00:00            3,808 100%    3.31kB/s    0:00:01 (xfr#75, ir-chk=1004/1201)
var/lib/yum/history/2018-05-12/2/config-repos
          6,278 100%    5.44kB/s    0:00:00            6,278 100%    5.44kB/s    0:00:01 (xfr#76, ir-chk=1003/1201)
var/lib/yum/history/2018-05-12/2/saved_tx
         29,623 100%   25.65kB/s    0:00:00           29,623 100%   25.65kB/s    0:00:01 (xfr#77, ir-chk=1002/1201)
var/lib/yum/history/2018-05-12/3/
var/lib/yum/history/2018-05-12/3/config-main
          3,810 100%    3.30kB/s    0:00:00            3,810 100%    3.30kB/s    0:00:01 (xfr#78, ir-chk=1011/1211)
var/lib/yum/history/2018-05-12/3/config-repos
          6,278 100%    5.43kB/s    0:00:00            6,278 100%    5.43kB/s    0:00:01 (xfr#79, ir-chk=1010/1211)
var/lib/yum/history/2018-05-12/3/saved_tx
            462 100%    0.40kB/s    0:00:00              462 100%    0.40kB/s    0:00:01 (xfr#80, ir-chk=1009/1211)
var/lib/yum/repos/
var/lib/yum/repos/x86_64/
var/lib/yum/repos/x86_64/7/
var/lib/yum/repos/x86_64/7/anaconda/
var/lib/yum/repos/x86_64/7/base/
var/lib/yum/repos/x86_64/7/extras/
var/lib/yum/repos/x86_64/7/koji-override-0/
var/lib/yum/repos/x86_64/7/koji-override-1/
var/lib/yum/repos/x86_64/7/updates/
var/lib/yum/rpmdb-indexes/
var/lib/yum/rpmdb-indexes/conflicts
          2,129 100%    1.84kB/s    0:00:00            2,129 100%    1.84kB/s    0:00:01 (xfr#81, ir-chk=1010/1221)
var/lib/yum/rpmdb-indexes/file-requires
         15,045 100%   13.00kB/s    0:00:00           15,045 100%   13.00kB/s    0:00:01 (xfr#82, ir-chk=1009/1221)
var/lib/yum/rpmdb-indexes/obsoletes
          1,878 100%    1.62kB/s    0:00:00            1,878 100%    1.62kB/s    0:00:01 (xfr#83, ir-chk=1008/1221)
var/lib/yum/rpmdb-indexes/pkgtups-checksums
         32,768  90%   28.29kB/s    0:00:00           36,029 100%   31.00kB/s    0:00:00           36,029 100%   31.00kB/s    0:00:01 (xfr#84, ir-chk=1007/1221)
var/lib/yum/rpmdb-indexes/version
             45 100%   43.95kB/s    0:00:00               45 100%   43.95kB/s    0:00:00 (xfr#85, ir-chk=1006/1221)
var/lib/yum/yumdb/
var/lib/yum/yumdb/G/
var/lib/yum/yumdb/G/5d1d730c5f843277da5723b9d79e05fa10cd8019-GeoIP-1.5.0-11.el7-x86_64/
var/lib/yum/yumdb/G/5d1d730c5f843277da5723b9d79e05fa10cd8019-GeoIP-1.5.0-11.el7-x86_64/checksum_data
             64 100%   20.83kB/s    0:00:00               64 100%   20.83kB/s    0:00:00 (xfr#86, ir-chk=1016/1261)
var/lib/yum/yumdb/G/5d1d730c5f843277da5723b9d79e05fa10cd8019-GeoIP-1.5.0-11.el7-x86_64/ts_install_langs
              2 100%    0.02kB/s    0:00:00                2 100%    0.02kB/s    0:00:00 (xfr#87, ir-chk=1008/1261)
var/lib/yum/yumdb/G/5d1d730c5f843277da5723b9d79e05fa10cd8019-GeoIP-1.5.0-11.el7-x86_64/var_uuid
             36 100%    0.27kB/s    0:00:00               36 100%    0.27kB/s    0:00:00 (xfr#88, ir-chk=1007/1261)
var/lib/yum/yumdb/N/
var/lib/yum/yumdb/N/1693beda2f5d1d2158aad96f88bf1726c0f1e19d-NetworkManager-team-1.10.2-13.el7-x86_64/
var/lib/yum/yumdb/N/1693beda2f5d1d2158aad96f88bf1726c0f1e19d-NetworkManager-team-1.10.2-13.el7-x86_64/checksum_data
             64 100%    0.48kB/s    0:00:00               64 100%    0.48kB/s    0:00:00 (xfr#89, ir-chk=1010/1269)
var/lib/yum/yumdb/N/1693beda2f5d1d2158aad96f88bf1726c0f1e19d-NetworkManager-team-1.10.2-13.el7-x86_64/ts_install_langs
              2 100%    0.01kB/s    0:00:00                2 100%    0.01kB/s    0:00:00 (xfr#90, ir-chk=1002/1269)
var/lib/yum/yumdb/N/1693beda2f5d1d2158aad96f88bf1726c0f1e19d-NetworkManager-team-1.10.2-13.el7-x86_64/var_uuid
             36 100%    0.25kB/s    0:00:00               36 100%    0.25kB/s    0:00:00 (xfr#91, ir-chk=1001/1269)
var/lib/yum/yumdb/N/66c81370f8e463755a8d413cec1787fdc6241e5f-NetworkManager-libnm-1.10.2-13.el7-x86_64/
var/lib/yum/yumdb/N/66c81370f8e463755a8d413cec1787fdc6241e5f-NetworkManager-libnm-1.10.2-13.el7-x86_64/checksum_data
             64 100%    0.44kB/s    0:00:00               64 100%    0.44kB/s    0:00:00 (xfr#92, ir-chk=1010/1279)
var/lib/yum/yumdb/N/66c81370f8e463755a8d413cec1787fdc6241e5f-NetworkManager-libnm-1.10.2-13.el7-x86_64/ts_install_langs
              2 100%    0.01kB/s    0:00:00                2 100%    0.01kB/s    0:00:00 (xfr#93, ir-chk=1002/1279)
var/lib/yum/yumdb/N/66c81370f8e463755a8d413cec1787fdc6241e5f-NetworkManager-libnm-1.10.2-13.el7-x86_64/var_uuid
             36 100%    0.23kB/s    0:00:00               36 100%    0.23kB/s    0:00:00 (xfr#94, ir-chk=1001/1279)
var/lib/yum/yumdb/N/692b27e960b9095fdb30432ff6207f2a106b598e-NetworkManager-1.10.2-13.el7-x86_64/
var/lib/yum/yumdb/N/692b27e960b9095fdb30432ff6207f2a106b598e-NetworkManager-1.10.2-13.el7-x86_64/checksum_data
             64 100%    0.41kB/s    0:00:00               64 100%    0.41kB/s    0:00:00 (xfr#95, ir-chk=1010/1289)
var/lib/yum/yumdb/N/692b27e960b9095fdb30432ff6207f2a106b598e-NetworkManager-1.10.2-13.el7-x86_64/ts_install_langs
              2 100%    0.01kB/s    0:00:00                2 100%    0.01kB/s    0:00:00 (xfr#96, ir-chk=1002/1289)
var/lib/yum/yumdb/N/692b27e960b9095fdb30432ff6207f2a106b598e-NetworkManager-1.10.2-13.el7-x86_64/var_uuid
             36 100%    0.23kB/s    0:00:00               36 100%    0.23kB/s    0:00:00 (xfr#97, ir-chk=1001/1289)
var/lib/yum/yumdb/N/8e0973050a712a0d548fe0c7cbe3f891c6585816-NetworkManager-tui-1.10.2-13.el7-x86_64/
var/lib/yum/yumdb/N/8e0973050a712a0d548fe0c7cbe3f891c6585816-NetworkManager-tui-1.10.2-13.el7-x86_64/checksum_data
             64 100%    0.40kB/s    0:00:00               64 100%    0.40kB/s    0:00:00 (xfr#98, ir-chk=1010/1299)
var/lib/yum/yumdb/N/8e0973050a712a0d548fe0c7cbe3f891c6585816-NetworkManager-tui-1.10.2-13.el7-x86_64/ts_install_langs
              2 100%    0.01kB/s    0:00:00                2 100%    0.01kB/s    0:00:00 (xfr#99, ir-chk=1002/1299)
var/lib/yum/yumdb/N/8e0973050a712a0d548fe0c7cbe3f891c6585816-NetworkManager-tui-1.10.2-13.el7-x86_64/var_uuid
             36 100%    0.22kB/s    0:00:00               36 100%    0.22kB/s    0:00:00 (xfr#100, ir-chk=1001/1299)
var/lib/yum/yumdb/a/
var/lib/yum/yumdb/a/26cb720a7995364140e82e072b2171e73d64759c-audit-libs-2.8.1-3.el7-x86_64/
var/lib/yum/yumdb/a/26cb720a7995364140e82e072b2171e73d64759c-audit-libs-2.8.1-3.el7-x86_64/checksum_data
             64 100%    0.39kB/s    0:00:00               64 100%    0.39kB/s    0:00:00 (xfr#101, ir-chk=1016/1319)
var/lib/yum/yumdb/a/26cb720a7995364140e82e072b2171e73d64759c-audit-libs-2.8.1-3.el7-x86_64/ts_install_langs
              2 100%    0.01kB/s    0:00:00                2 100%    0.01kB/s    0:00:00 (xfr#102, ir-chk=1008/1319)
var/lib/yum/yumdb/a/26cb720a7995364140e82e072b2171e73d64759c-audit-libs-2.8.1-3.el7-x86_64/var_uuid
             36 100%    0.21kB/s    0:00:00               36 100%    0.21kB/s    0:00:00 (xfr#103, ir-chk=1007/1319)
var/lib/yum/yumdb/a/6bbb2b8d4b2dd7e0db716270a166de717974cb96-authconfig-6.2.8-30.el7-x86_64/
var/lib/yum/yumdb/a/6bbb2b8d4b2dd7e0db716270a166de717974cb96-authconfig-6.2.8-30.el7-x86_64/checksum_data
             64 100%    0.38kB/s    0:00:00               64 100%    0.38kB/s    0:00:00 (xfr#104, ir-chk=1016/1329)
var/lib/yum/yumdb/a/6bbb2b8d4b2dd7e0db716270a166de717974cb96-authconfig-6.2.8-30.el7-x86_64/ts_install_langs
              2 100%    0.01kB/s    0:00:00                2 100%    0.01kB/s    0:00:00 (xfr#105, ir-chk=1008/1329)
var/lib/yum/yumdb/a/6bbb2b8d4b2dd7e0db716270a166de717974cb96-authconfig-6.2.8-30.el7-x86_64/var_uuid
             36 100%    0.21kB/s    0:00:00               36 100%    0.21kB/s    0:00:00 (xfr#106, ir-chk=1007/1329)
var/lib/yum/yumdb/a/7bacf0226b6ab99edf82a74bf912036678d8330c-acl-2.2.51-14.el7-x86_64/
var/lib/yum/yumdb/a/7bacf0226b6ab99edf82a74bf912036678d8330c-acl-2.2.51-14.el7-x86_64/checksum_data
             64 100%    0.37kB/s    0:00:00               64 100%    0.37kB/s    0:00:00 (xfr#107, ir-chk=1016/1339)
var/lib/yum/yumdb/a/7bacf0226b6ab99edf82a74bf912036678d8330c-acl-2.2.51-14.el7-x86_64/ts_install_langs
              2 100%    0.01kB/s    0:00:00                2 100%    0.01kB/s    0:00:00 (xfr#108, ir-chk=1008/1339)
var/lib/yum/yumdb/a/7bacf0226b6ab99edf82a74bf912036678d8330c-acl-2.2.51-14.el7-x86_64/var_uuid
             36 100%    0.21kB/s    0:00:00               36 100%    0.21kB/s    0:00:00 (xfr#109, ir-chk=1007/1339)
var/lib/yum/yumdb/a/bf2a8e9e8e8e78d32f19c78ba869eed1aef7d41a-audit-2.8.1-3.el7-x86_64/
var/lib/yum/yumdb/a/bf2a8e9e8e8e78d32f19c78ba869eed1aef7d41a-audit-2.8.1-3.el7-x86_64/checksum_data
             64 100%    0.36kB/s    0:00:00               64 100%    0.36kB/s    0:00:00 (xfr#110, ir-chk=1016/1349)
var/lib/yum/yumdb/a/bf2a8e9e8e8e78d32f19c78ba869eed1aef7d41a-audit-2.8.1-3.el7-x86_64/ts_install_langs
              2 100%    0.01kB/s    0:00:00                2 100%    0.01kB/s    0:00:00 (xfr#111, ir-chk=1008/1349)
var/lib/yum/yumdb/a/bf2a8e9e8e8e78d32f19c78ba869eed1aef7d41a-audit-2.8.1-3.el7-x86_64/var_uuid
             36 100%    0.20kB/s    0:00:00               36 100%    0.20kB/s    0:00:00 (xfr#112, ir-chk=1007/1349)
var/lib/yum/yumdb/b/
var/lib/yum/yumdb/b/162fbd9aaade0a766e0ea88195a8ca77d9d2363a-bash-4.2.46-30.el7-x86_64/
var/lib/yum/yumdb/b/162fbd9aaade0a766e0ea88195a8ca77d9d2363a-bash-4.2.46-30.el7-x86_64/checksum_data
             64 100%    0.36kB/s    0:00:00               64 100%    0.35kB/s    0:00:00 (xfr#113, ir-chk=1015/1368)
var/lib/yum/yumdb/b/162fbd9aaade0a766e0ea88195a8ca77d9d2363a-bash-4.2.46-30.el7-x86_64/ts_install_langs
              2 100%    0.01kB/s    0:00:00                2 100%    0.01kB/s    0:00:00 (xfr#114, ir-chk=1007/1368)
var/lib/yum/yumdb/b/162fbd9aaade0a766e0ea88195a8ca77d9d2363a-bash-4.2.46-30.el7-x86_64/var_uuid
             36 100%    0.19kB/s    0:00:00               36 100%    0.19kB/s    0:00:00 (xfr#115, ir-chk=1006/1368)
var/lib/yum/yumdb/b/584687e574fbad9412b4e263661941ec0b9cae66-bash-completion-2.1-6.el7-noarch/
var/lib/yum/yumdb/b/584687e574fbad9412b4e263661941ec0b9cae66-bash-completion-2.1-6.el7-noarch/checksum_data
             64 100%    0.33kB/s    0:00:00               64 100%    0.33kB/s    0:00:00 (xfr#116, ir-chk=1015/1378)
var/lib/yum/yumdb/b/584687e574fbad9412b4e263661941ec0b9cae66-bash-completion-2.1-6.el7-noarch/ts_install_langs
              2 100%    0.01kB/s    0:00:00                2 100%    0.01kB/s    0:00:00 (xfr#117, ir-chk=1007/1378)
var/lib/yum/yumdb/b/584687e574fbad9412b4e263661941ec0b9cae66-bash-completion-2.1-6.el7-noarch/var_uuid
             36 100%    0.18kB/s    0:00:00               36 100%    0.18kB/s    0:00:00 (xfr#118, ir-chk=1006/1378)
var/lib/yum/yumdb/b/690bb4e5c36c880bd8d0558a9c8467c56d95d22e-bind-libs-lite-9.9.4-61.el7-x86_64/
var/lib/yum/yumdb/b/690bb4e5c36c880bd8d0558a9c8467c56d95d22e-bind-libs-lite-9.9.4-61.el7-x86_64/checksum_data
             64 100%    0.31kB/s    0:00:00               64 100%    0.31kB/s    0:00:00 (xfr#119, ir-chk=1015/1388)
var/lib/yum/yumdb/b/690bb4e5c36c880bd8d0558a9c8467c56d95d22e-bind-libs-lite-9.9.4-61.el7-x86_64/ts_install_langs
              2 100%    0.01kB/s    0:00:00                2 100%    0.01kB/s    0:00:00 (xfr#120, ir-chk=1007/1388)
var/lib/yum/yumdb/b/690bb4e5c36c880bd8d0558a9c8467c56d95d22e-bind-libs-lite-9.9.4-61.el7-x86_64/var_uuid
             36 100%    0.17kB/s    0:00:00               36 100%    0.17kB/s    0:00:00 (xfr#121, ir-chk=1006/1388)
var/lib/yum/yumdb/b/9d9d6ea32bd27381897e80ae0eec0526cf638213-bzip2-1.0.6-13.el7-x86_64/
var/lib/yum/yumdb/b/9d9d6ea32bd27381897e80ae0eec0526cf638213-bzip2-1.0.6-13.el7-x86_64/checksum_data
             64 100%    0.30kB/s    0:00:00               64 100%    0.30kB/s    0:00:00 (xfr#122, ir-chk=1015/1398)
var/lib/yum/yumdb/b/9d9d6ea32bd27381897e80ae0eec0526cf638213-bzip2-1.0.6-13.el7-x86_64/ts_install_langs
              2 100%    0.01kB/s    0:00:00                2 100%    0.01kB/s    0:00:00 (xfr#123, ir-chk=1007/1398)
var/lib/yum/yumdb/b/9d9d6ea32bd27381897e80ae0eec0526cf638213-bzip2-1.0.6-13.el7-x86_64/var_uuid
             36 100%    0.17kB/s    0:00:00               36 100%    0.17kB/s    0:00:00 (xfr#124, ir-chk=1006/1398)
var/lib/yum/yumdb/b/c85e8970f92b50f885955de5666f5cf609d8234d-btrfs-progs-4.9.1-1.el7-x86_64/
var/lib/yum/yumdb/b/c85e8970f92b50f885955de5666f5cf609d8234d-btrfs-progs-4.9.1-1.el7-x86_64/checksum_data
             64 100%    0.30kB/s    0:00:00               64 100%    0.30kB/s    0:00:00 (xfr#125, ir-chk=1015/1408)
var/lib/yum/yumdb/b/c85e8970f92b50f885955de5666f5cf609d8234d-btrfs-progs-4.9.1-1.el7-x86_64/ts_install_langs
              2 100%    0.01kB/s    0:00:00                2 100%    0.01kB/s    0:00:00 (xfr#126, ir-chk=1007/1408)
var/lib/yum/yumdb/b/c85e8970f92b50f885955de5666f5cf609d8234d-btrfs-progs-4.9.1-1.el7-x86_64/var_uuid
             36 100%    0.16kB/s    0:00:00               36 100%    0.16kB/s    0:00:00 (xfr#127, ir-chk=1006/1408)
var/lib/yum/yumdb/b/c86d3b3e8d9578a800202b88edf48aecf5aec20a-bind-license-9.9.4-61.el7-noarch/
var/lib/yum/yumdb/b/c86d3b3e8d9578a800202b88edf48aecf5aec20a-bind-license-9.9.4-61.el7-noarch/checksum_data
             64 100%    0.29kB/s    0:00:00               64 100%    0.29kB/s    0:00:00 (xfr#128, ir-chk=1015/1418)
var/lib/yum/yumdb/b/c86d3b3e8d9578a800202b88edf48aecf5aec20a-bind-license-9.9.4-61.el7-noarch/ts_install_langs
              2 100%    0.01kB/s    0:00:00                2 100%    0.01kB/s    0:00:00 (xfr#129, ir-chk=1007/1418)
var/lib/yum/yumdb/b/c86d3b3e8d9578a800202b88edf48aecf5aec20a-bind-license-9.9.4-61.el7-noarch/var_uuid
             36 100%    0.16kB/s    0:00:00               36 100%    0.16kB/s    0:00:00 (xfr#130, ir-chk=1006/1418)
var/lib/yum/yumdb/b/e56fd81d552c068ad412a02d2373314554a7750a-binutils-2.27-27.base.el7-x86_64/
var/lib/yum/yumdb/b/e56fd81d552c068ad412a02d2373314554a7750a-binutils-2.27-27.base.el7-x86_64/checksum_data
             64 100%    0.29kB/s    0:00:00               64 100%    0.29kB/s    0:00:00 (xfr#131, ir-chk=1015/1428)
var/lib/yum/yumdb/b/e56fd81d552c068ad412a02d2373314554a7750a-binutils-2.27-27.base.el7-x86_64/ts_install_langs
              2 100%    0.01kB/s    0:00:00                2 100%    0.01kB/s    0:00:00 (xfr#132, ir-chk=1007/1428)
var/lib/yum/yumdb/b/e56fd81d552c068ad412a02d2373314554a7750a-binutils-2.27-27.base.el7-x86_64/var_uuid
             36 100%    0.15kB/s    0:00:00               36 100%    0.15kB/s    0:00:00 (xfr#133, ir-chk=1006/1428)
var/lib/yum/yumdb/b/ed5c44b6d81784129138935e009a5d71fcca2e22-basesystem-10.0-7.el7.centos-noarch/
var/lib/yum/yumdb/b/ed5c44b6d81784129138935e009a5d71fcca2e22-basesystem-10.0-7.el7.centos-noarch/checksum_data
             64 100%    0.27kB/s    0:00:00               64 100%    0.27kB/s    0:00:00 (xfr#134, ir-chk=1015/1438)
var/lib/yum/yumdb/b/ed5c44b6d81784129138935e009a5d71fcca2e22-basesystem-10.0-7.el7.centos-noarch/ts_install_langs
              2 100%    0.01kB/s    0:00:00                2 100%    0.01kB/s    0:00:00 (xfr#135, ir-chk=1007/1438)
var/lib/yum/yumdb/b/ed5c44b6d81784129138935e009a5d71fcca2e22-basesystem-10.0-7.el7.centos-noarch/var_uuid
             36 100%    0.15kB/s    0:00:00               36 100%    0.15kB/s    0:00:00 (xfr#136, ir-chk=1006/1438)
var/lib/yum/yumdb/b/fdf683c5a9852bb4ccf883ff042042923b8cd33f-bzip2-libs-1.0.6-13.el7-x86_64/
var/lib/yum/yumdb/b/fdf683c5a9852bb4ccf883ff042042923b8cd33f-bzip2-libs-1.0.6-13.el7-x86_64/checksum_data
             64 100%    0.27kB/s    0:00:00               64 100%    0.27kB/s    0:00:00 (xfr#137, ir-chk=1015/1448)
var/lib/yum/yumdb/b/fdf683c5a9852bb4ccf883ff042042923b8cd33f-bzip2-libs-1.0.6-13.el7-x86_64/ts_install_langs
              2 100%    0.01kB/s    0:00:00                2 100%    0.01kB/s    0:00:00 (xfr#138, ir-chk=1007/1448)
var/lib/yum/yumdb/b/fdf683c5a9852bb4ccf883ff042042923b8cd33f-bzip2-libs-1.0.6-13.el7-x86_64/var_uuid
             36 100%    0.15kB/s    0:00:00               36 100%    0.15kB/s    0:00:00 (xfr#139, ir-chk=1006/1448)
var/lib/yum/yumdb/b/ffd705533c15b59d786c3db0f4c02b235e85e19b-biosdevname-0.7.3-1.el7-x86_64/
var/lib/yum/yumdb/b/ffd705533c15b59d786c3db0f4c02b235e85e19b-biosdevname-0.7.3-1.el7-x86_64/checksum_data
             64 100%    0.26kB/s    0:00:00               64 100%    0.26kB/s    0:00:00 (xfr#140, ir-chk=1016/1459)
var/lib/yum/yumdb/b/ffd705533c15b59d786c3db0f4c02b235e85e19b-biosdevname-0.7.3-1.el7-x86_64/ts_install_langs
              2 100%    0.01kB/s    0:00:00                2 100%    0.01kB/s    0:00:00 (xfr#141, ir-chk=1008/1459)
var/lib/yum/yumdb/b/ffd705533c15b59d786c3db0f4c02b235e85e19b-biosdevname-0.7.3-1.el7-x86_64/var_uuid
             36 100%    0.15kB/s    0:00:00               36 100%    0.15kB/s    0:00:00 (xfr#142, ir-chk=1007/1459)
var/lib/yum/yumdb/c/
var/lib/yum/yumdb/c/007bb3031f2749a1e74419e2de4c74ee02bc1b3c-cronie-1.4.11-19.el7-x86_64/
var/lib/yum/yumdb/c/007bb3031f2749a1e74419e2de4c74ee02bc1b3c-cronie-1.4.11-19.el7-x86_64/checksum_data
             64 100%    0.26kB/s    0:00:00               64 100%    0.26kB/s    0:00:00 (xfr#143, ir-chk=1013/1481)
var/lib/yum/yumdb/c/007bb3031f2749a1e74419e2de4c74ee02bc1b3c-cronie-1.4.11-19.el7-x86_64/ts_install_langs
              2 100%    0.01kB/s    0:00:00                2 100%    0.01kB/s    0:00:00 (xfr#144, ir-chk=1005/1481)
var/lib/yum/yumdb/c/007bb3031f2749a1e74419e2de4c74ee02bc1b3c-cronie-1.4.11-19.el7-x86_64/var_uuid
             36 100%    0.14kB/s    0:00:00               36 100%    0.14kB/s    0:00:00 (xfr#145, ir-chk=1004/1481)
var/lib/yum/yumdb/c/057d39dcf3d1c248dc1bc8eabcf0fbceeb104987-curl-7.29.0-46.el7-x86_64/
var/lib/yum/yumdb/c/057d39dcf3d1c248dc1bc8eabcf0fbceeb104987-curl-7.29.0-46.el7-x86_64/checksum_data
             64 100%    0.25kB/s    0:00:00               64 100%    0.25kB/s    0:00:00 (xfr#146, ir-chk=1013/1491)
var/lib/yum/yumdb/c/057d39dcf3d1c248dc1bc8eabcf0fbceeb104987-curl-7.29.0-46.el7-x86_64/reason
              4 100%    0.02kB/s    0:00:00                4 100%    0.02kB/s    0:00:00 (xfr#147, ir-chk=1007/1491)
var/lib/yum/yumdb/c/057d39dcf3d1c248dc1bc8eabcf0fbceeb104987-curl-7.29.0-46.el7-x86_64/ts_install_langs
              2 100%    0.01kB/s    0:00:00                2 100%    0.01kB/s    0:00:00 (xfr#148, ir-chk=1005/1491)
var/lib/yum/yumdb/c/057d39dcf3d1c248dc1bc8eabcf0fbceeb104987-curl-7.29.0-46.el7-x86_64/var_uuid
             36 100%    0.14kB/s    0:00:00               36 100%    0.14kB/s    0:00:00 (xfr#149, ir-chk=1004/1491)
var/lib/yum/yumdb/c/07069434de8e8090a3954f1c1ce98ff62a8390ac-cronie-anacron-1.4.11-19.el7-x86_64/
var/lib/yum/yumdb/c/07069434de8e8090a3954f1c1ce98ff62a8390ac-cronie-anacron-1.4.11-19.el7-x86_64/checksum_data
             64 100%    0.24kB/s    0:00:00               64 100%    0.24kB/s    0:00:00 (xfr#150, ir-chk=1013/1501)
var/lib/yum/yumdb/c/07069434de8e8090a3954f1c1ce98ff62a8390ac-cronie-anacron-1.4.11-19.el7-x86_64/ts_install_langs
              2 100%    0.01kB/s    0:00:00                2 100%    0.01kB/s    0:00:00 (xfr#151, ir-chk=1005/1501)
var/lib/yum/yumdb/c/07069434de8e8090a3954f1c1ce98ff62a8390ac-cronie-anacron-1.4.11-19.el7-x86_64/var_uuid
             36 100%    0.13kB/s    0:00:00               36 100%    0.13kB/s    0:00:00 (xfr#152, ir-chk=1004/1501)
var/lib/yum/yumdb/c/131cccc63f36e5e9dd98be61b44e315fb106df5a-ca-certificates-2017.2.20-71.el7-noarch/
var/lib/yum/yumdb/c/131cccc63f36e5e9dd98be61b44e315fb106df5a-ca-certificates-2017.2.20-71.el7-noarch/checksum_data
             64 100%    0.23kB/s    0:00:00               64 100%    0.23kB/s    0:00:00 (xfr#153, ir-chk=1013/1511)
var/lib/yum/yumdb/c/131cccc63f36e5e9dd98be61b44e315fb106df5a-ca-certificates-2017.2.20-71.el7-noarch/checksum_type
              6 100%    0.02kB/s    0:00:00                6 100%    0.02kB/s    0:00:00 (xfr#154, ir-chk=1012/1511)
var/lib/yum/yumdb/c/131cccc63f36e5e9dd98be61b44e315fb106df5a-ca-certificates-2017.2.20-71.el7-noarch/from_repo
              8 100%    0.03kB/s    0:00:00                8 100%    0.03kB/s    0:00:00 (xfr#155, ir-chk=1011/1511)
var/lib/yum/yumdb/c/131cccc63f36e5e9dd98be61b44e315fb106df5a-ca-certificates-2017.2.20-71.el7-noarch/from_repo_revision
             10 100%    0.04kB/s    0:00:00               10 100%    0.04kB/s    0:00:00 (xfr#156, ir-chk=1010/1511)
var/lib/yum/yumdb/c/131cccc63f36e5e9dd98be61b44e315fb106df5a-ca-certificates-2017.2.20-71.el7-noarch/from_repo_timestamp
             10 100%    0.04kB/s    0:00:00               10 100%    0.04kB/s    0:00:00 (xfr#157, ir-chk=1009/1511)
var/lib/yum/yumdb/c/131cccc63f36e5e9dd98be61b44e315fb106df5a-ca-certificates-2017.2.20-71.el7-noarch/installed_by
             10 100%    0.04kB/s    0:00:00               10 100%    0.04kB/s    0:00:00 (xfr#158, ir-chk=1008/1511)
var/lib/yum/yumdb/c/131cccc63f36e5e9dd98be61b44e315fb106df5a-ca-certificates-2017.2.20-71.el7-noarch/reason
              3 100%    0.01kB/s    0:00:00                3 100%    0.01kB/s    0:00:00 (xfr#159, ir-chk=1007/1511)
var/lib/yum/yumdb/c/131cccc63f36e5e9dd98be61b44e315fb106df5a-ca-certificates-2017.2.20-71.el7-noarch/releasever
              1 100%    0.00kB/s    0:00:00                1 100%    0.00kB/s    0:00:00 (xfr#160, ir-chk=1006/1511)
var/lib/yum/yumdb/c/131cccc63f36e5e9dd98be61b44e315fb106df5a-ca-certificates-2017.2.20-71.el7-noarch/ts_install_langs
              2 100%    0.01kB/s    0:00:00                2 100%    0.01kB/s    0:00:00 (xfr#161, ir-chk=1005/1511)
var/lib/yum/yumdb/c/131cccc63f36e5e9dd98be61b44e315fb106df5a-ca-certificates-2017.2.20-71.el7-noarch/var_uuid
             36 100%    0.13kB/s    0:00:00               36 100%    0.13kB/s    0:00:00 (xfr#162, ir-chk=1004/1511)
var/lib/yum/yumdb/c/1d5512974760d7facdca01e79f18e857c465342d-crontabs-1.11-6.20121102git.el7-noarch/
var/lib/yum/yumdb/c/1d5512974760d7facdca01e79f18e857c465342d-crontabs-1.11-6.20121102git.el7-noarch/checksum_data
             64 100%    0.22kB/s    0:00:00               64 100%    0.22kB/s    0:00:00 (xfr#163, ir-chk=1013/1521)
var/lib/yum/yumdb/c/1d5512974760d7facdca01e79f18e857c465342d-crontabs-1.11-6.20121102git.el7-noarch/ts_install_langs
              2 100%    0.01kB/s    0:00:00                2 100%    0.01kB/s    0:00:00 (xfr#164, ir-chk=1005/1521)
var/lib/yum/yumdb/c/1d5512974760d7facdca01e79f18e857c465342d-crontabs-1.11-6.20121102git.el7-noarch/var_uuid
             36 100%    0.12kB/s    0:00:00               36 100%    0.12kB/s    0:00:00 (xfr#165, ir-chk=1004/1521)
var/lib/yum/yumdb/c/3cca2062688e0e56c8c192043f799422b5540b35-coreutils-8.22-21.el7-x86_64/
var/lib/yum/yumdb/c/3cca2062688e0e56c8c192043f799422b5540b35-coreutils-8.22-21.el7-x86_64/checksum_data
             64 100%    0.22kB/s    0:00:00               64 100%    0.22kB/s    0:00:00 (xfr#166, ir-chk=1013/1531)
var/lib/yum/yumdb/c/3cca2062688e0e56c8c192043f799422b5540b35-coreutils-8.22-21.el7-x86_64/ts_install_langs
              2 100%    0.01kB/s    0:00:00                2 100%    0.01kB/s    0:00:00 (xfr#167, ir-chk=1005/1531)
var/lib/yum/yumdb/c/3cca2062688e0e56c8c192043f799422b5540b35-coreutils-8.22-21.el7-x86_64/var_uuid
             36 100%    0.12kB/s    0:00:00               36 100%    0.12kB/s    0:00:00 (xfr#168, ir-chk=1004/1531)
var/lib/yum/yumdb/c/3cdde8f583264bc904ec03e0d5c06b592f3abda5-centos-release-7-5.1804.el7.centos-x86_64/
var/lib/yum/yumdb/c/3cdde8f583264bc904ec03e0d5c06b592f3abda5-centos-release-7-5.1804.el7.centos-x86_64/checksum_data
             64 100%    0.21kB/s    0:00:00               64 100%    0.21kB/s    0:00:00 (xfr#169, ir-chk=1013/1541)
var/lib/yum/yumdb/c/3cdde8f583264bc904ec03e0d5c06b592f3abda5-centos-release-7-5.1804.el7.centos-x86_64/ts_install_langs
              2 100%    0.01kB/s    0:00:00                2 100%    0.01kB/s    0:00:00 (xfr#170, ir-chk=1005/1541)
var/lib/yum/yumdb/c/3cdde8f583264bc904ec03e0d5c06b592f3abda5-centos-release-7-5.1804.el7.centos-x86_64/var_uuid
             36 100%    0.12kB/s    0:00:00               36 100%    0.12kB/s    0:00:00 (xfr#171, ir-chk=1004/1541)
var/lib/yum/yumdb/c/5a28ca24d3ccf264d0009576e41df09a4400b499-cracklib-dicts-2.9.0-11.el7-x86_64/
var/lib/yum/yumdb/c/5a28ca24d3ccf264d0009576e41df09a4400b499-cracklib-dicts-2.9.0-11.el7-x86_64/checksum_data
             64 100%    0.21kB/s    0:00:00               64 100%    0.21kB/s    0:00:00 (xfr#172, ir-chk=1013/1551)
var/lib/yum/yumdb/c/5a28ca24d3ccf264d0009576e41df09a4400b499-cracklib-dicts-2.9.0-11.el7-x86_64/ts_install_langs
              2 100%    0.01kB/s    0:00:00                2 100%    0.01kB/s    0:00:00 (xfr#173, ir-chk=1005/1551)
var/lib/yum/yumdb/c/5a28ca24d3ccf264d0009576e41df09a4400b499-cracklib-dicts-2.9.0-11.el7-x86_64/var_uuid
             36 100%    0.12kB/s    0:00:00               36 100%    0.12kB/s    0:00:00 (xfr#174, ir-chk=1004/1551)
var/lib/yum/yumdb/c/989a497408cd85aaa353b56041422cd3d61c8a46-chrony-3.2-2.el7-x86_64/
var/lib/yum/yumdb/c/989a497408cd85aaa353b56041422cd3d61c8a46-chrony-3.2-2.el7-x86_64/checksum_data
             64 100%    0.21kB/s    0:00:00               64 100%    0.21kB/s    0:00:00 (xfr#175, ir-chk=1013/1561)
var/lib/yum/yumdb/c/989a497408cd85aaa353b56041422cd3d61c8a46-chrony-3.2-2.el7-x86_64/ts_install_langs
              2 100%    0.01kB/s    0:00:00                2 100%    0.01kB/s    0:00:00 (xfr#176, ir-chk=1005/1561)
var/lib/yum/yumdb/c/989a497408cd85aaa353b56041422cd3d61c8a46-chrony-3.2-2.el7-x86_64/var_uuid
             36 100%    0.12kB/s    0:00:00               36 100%    0.12kB/s    0:00:00 (xfr#177, ir-chk=1004/1561)
var/lib/yum/yumdb/c/9b841369d1b76f407c21799d72bec1259fa9d34f-cryptsetup-libs-1.7.4-4.el7-x86_64/
var/lib/yum/yumdb/c/9b841369d1b76f407c21799d72bec1259fa9d34f-cryptsetup-libs-1.7.4-4.el7-x86_64/checksum_data
             64 100%    0.21kB/s    0:00:00               64 100%    0.21kB/s    0:00:00 (xfr#178, ir-chk=1013/1571)
var/lib/yum/yumdb/c/9b841369d1b76f407c21799d72bec1259fa9d34f-cryptsetup-libs-1.7.4-4.el7-x86_64/ts_install_langs
              2 100%    0.01kB/s    0:00:00                2 100%    0.01kB/s    0:00:00 (xfr#179, ir-chk=1005/1571)
var/lib/yum/yumdb/c/9b841369d1b76f407c21799d72bec1259fa9d34f-cryptsetup-libs-1.7.4-4.el7-x86_64/var_uuid
             36 100%    0.12kB/s    0:00:00               36 100%    0.12kB/s    0:00:00 (xfr#180, ir-chk=1004/1571)
var/lib/yum/yumdb/c/b3f16e3c1bff41f2602b03b90e2f37b26e59400b-centos-logos-70.0.6-3.el7.centos-noarch/
var/lib/yum/yumdb/c/b3f16e3c1bff41f2602b03b90e2f37b26e59400b-centos-logos-70.0.6-3.el7.centos-noarch/checksum_data
             64 100%    0.21kB/s    0:00:00               64 100%    0.21kB/s    0:00:00 (xfr#181, ir-chk=1013/1581)
var/lib/yum/yumdb/c/b3f16e3c1bff41f2602b03b90e2f37b26e59400b-centos-logos-70.0.6-3.el7.centos-noarch/ts_install_langs
              2 100%    0.01kB/s    0:00:00                2 100%    0.01kB/s    0:00:00 (xfr#182, ir-chk=1005/1581)
var/lib/yum/yumdb/c/b3f16e3c1bff41f2602b03b90e2f37b26e59400b-centos-logos-70.0.6-3.el7.centos-noarch/var_uuid
             36 100%    0.12kB/s    0:00:00               36 100%    0.12kB/s    0:00:00 (xfr#183, ir-chk=1004/1581)
var/lib/yum/yumdb/c/ba01437bcf3580c6d453684fa614d98ad6cd1902-cpio-2.11-27.el7-x86_64/
var/lib/yum/yumdb/c/ba01437bcf3580c6d453684fa614d98ad6cd1902-cpio-2.11-27.el7-x86_64/checksum_data
             64 100%    0.21kB/s    0:00:00               64 100%    0.21kB/s    0:00:00 (xfr#184, ir-chk=1013/1591)
var/lib/yum/yumdb/c/ba01437bcf3580c6d453684fa614d98ad6cd1902-cpio-2.11-27.el7-x86_64/ts_install_langs
              2 100%    0.01kB/s    0:00:00                2 100%    0.01kB/s    0:00:00 (xfr#185, ir-chk=1005/1591)
var/lib/yum/yumdb/c/ba01437bcf3580c6d453684fa614d98ad6cd1902-cpio-2.11-27.el7-x86_64/var_uuid
             36 100%    0.12kB/s    0:00:00               36 100%    0.12kB/s    0:00:00 (xfr#186, ir-chk=1004/1591)
var/lib/yum/yumdb/c/bb7c3024e9444153c2570315b76317a9ff0a30ef-chkconfig-1.7.4-1.el7-x86_64/
var/lib/yum/yumdb/c/bb7c3024e9444153c2570315b76317a9ff0a30ef-chkconfig-1.7.4-1.el7-x86_64/checksum_data
             64 100%    0.20kB/s    0:00:00               64 100%    0.20kB/s    0:00:00 (xfr#187, ir-chk=1076/1664)
var/lib/yum/yumdb/c/bb7c3024e9444153c2570315b76317a9ff0a30ef-chkconfig-1.7.4-1.el7-x86_64/ts_install_langs
              2 100%    0.01kB/s    0:00:00                2 100%    0.01kB/s    0:00:00 (xfr#188, ir-chk=1068/1664)
var/lib/yum/yumdb/c/bb7c3024e9444153c2570315b76317a9ff0a30ef-chkconfig-1.7.4-1.el7-x86_64/var_uuid
             36 100%    0.11kB/s    0:00:00               36 100%    0.11kB/s    0:00:00 (xfr#189, ir-chk=1067/1664)
var/lib/yum/yumdb/c/c1a9cb40fa6041bdfb09fb82c63aa8c6b34b3345-cracklib-2.9.0-11.el7-x86_64/
var/lib/yum/yumdb/c/c1a9cb40fa6041bdfb09fb82c63aa8c6b34b3345-cracklib-2.9.0-11.el7-x86_64/checksum_data
             64 100%    0.20kB/s    0:00:00               64 100%    0.20kB/s    0:00:00 (xfr#190, ir-chk=1066/1664)
var/lib/yum/yumdb/c/c1a9cb40fa6041bdfb09fb82c63aa8c6b34b3345-cracklib-2.9.0-11.el7-x86_64/ts_install_langs
              2 100%    0.01kB/s    0:00:00                2 100%    0.01kB/s    0:00:00 (xfr#191, ir-chk=1058/1664)
var/lib/yum/yumdb/c/c1a9cb40fa6041bdfb09fb82c63aa8c6b34b3345-cracklib-2.9.0-11.el7-x86_64/var_uuid
             36 100%    0.11kB/s    0:00:00               36 100%    0.11kB/s    0:00:00 (xfr#192, ir-chk=1057/1664)
var/lib/yum/yumdb/c/cf0ca1d39f0f92234d55a59e5f7dda60d3a41556-cyrus-sasl-lib-2.1.26-23.el7-x86_64/
var/lib/yum/yumdb/c/cf0ca1d39f0f92234d55a59e5f7dda60d3a41556-cyrus-sasl-lib-2.1.26-23.el7-x86_64/checksum_data
             64 100%    0.20kB/s    0:00:00               64 100%    0.20kB/s    0:00:00 (xfr#193, ir-chk=1056/1664)
var/lib/yum/yumdb/c/cf0ca1d39f0f92234d55a59e5f7dda60d3a41556-cyrus-sasl-lib-2.1.26-23.el7-x86_64/ts_install_langs
              2 100%    0.01kB/s    0:00:00                2 100%    0.01kB/s    0:00:00 (xfr#194, ir-chk=1048/1664)
var/lib/yum/yumdb/c/cf0ca1d39f0f92234d55a59e5f7dda60d3a41556-cyrus-sasl-lib-2.1.26-23.el7-x86_64/var_uuid
             36 100%    0.11kB/s    0:00:00               36 100%    0.11kB/s    0:00:00 (xfr#195, ir-chk=1047/1664)
var/lib/yum/yumdb/d/
var/lib/yum/yumdb/d/0ba285667a27f3931daecc988560e7f7be056628-dhcp-common-4.2.5-68.el7.centos-x86_64/
var/lib/yum/yumdb/d/0ba285667a27f3931daecc988560e7f7be056628-dhcp-common-4.2.5-68.el7.centos-x86_64/checksum_data
             64 100%    0.20kB/s    0:00:00               64 100%    0.20kB/s    0:00:00 (xfr#196, ir-chk=1030/1664)
var/lib/yum/yumdb/d/0ba285667a27f3931daecc988560e7f7be056628-dhcp-common-4.2.5-68.el7.centos-x86_64/ts_install_langs
              2 100%    0.01kB/s    0:00:00                2 100%    0.01kB/s    0:00:00 (xfr#197, ir-chk=1022/1664)
var/lib/yum/yumdb/d/0ba285667a27f3931daecc988560e7f7be056628-dhcp-common-4.2.5-68.el7.centos-x86_64/var_uuid
             36 100%    0.11kB/s    0:00:00               36 100%    0.11kB/s    0:00:00 (xfr#198, ir-chk=1021/1664)
var/lib/yum/yumdb/d/0c93cd1a1b4bf3542992cbd7ec4db1b41dd11d0a-dbus-libs-1.10.24-7.el7-x86_64/
var/lib/yum/yumdb/d/0c93cd1a1b4bf3542992cbd7ec4db1b41dd11d0a-dbus-libs-1.10.24-7.el7-x86_64/checksum_data
             64 100%    0.20kB/s    0:00:00               64 100%    0.20kB/s    0:00:00 (xfr#199, ir-chk=1020/1664)
var/lib/yum/yumdb/d/0c93cd1a1b4bf3542992cbd7ec4db1b41dd11d0a-dbus-libs-1.10.24-7.el7-x86_64/ts_install_langs
              2 100%    0.01kB/s    0:00:00                2 100%    0.01kB/s    0:00:00 (xfr#200, ir-chk=1012/1664)
var/lib/yum/yumdb/d/0c93cd1a1b4bf3542992cbd7ec4db1b41dd11d0a-dbus-libs-1.10.24-7.el7-x86_64/var_uuid
             36 100%    0.11kB/s    0:00:00               36 100%    0.11kB/s    0:00:00 (xfr#201, ir-chk=1011/1664)
var/lib/yum/yumdb/d/1d144f3e96982fed47c4e94fde884e48172b8c3b-dbus-glib-0.100-7.el7-x86_64/
var/lib/yum/yumdb/d/1d144f3e96982fed47c4e94fde884e48172b8c3b-dbus-glib-0.100-7.el7-x86_64/checksum_data
             64 100%    0.20kB/s    0:00:00               64 100%    0.20kB/s    0:00:00 (xfr#202, ir-chk=1010/1664)
var/lib/yum/yumdb/d/1d144f3e96982fed47c4e94fde884e48172b8c3b-dbus-glib-0.100-7.el7-x86_64/ts_install_langs
              2 100%    0.01kB/s    0:00:00                2 100%    0.01kB/s    0:00:00 (xfr#203, ir-chk=1002/1664)
var/lib/yum/yumdb/d/1d144f3e96982fed47c4e94fde884e48172b8c3b-dbus-glib-0.100-7.el7-x86_64/var_uuid
             36 100%    0.11kB/s    0:00:00               36 100%    0.11kB/s    0:00:00 (xfr#204, ir-chk=1001/1664)
var/lib/yum/yumdb/d/1f7b1d1140483178e4ec8663a8717a6a207d3349-dmidecode-3.0-5.el7-x86_64/
var/lib/yum/yumdb/d/1f7b1d1140483178e4ec8663a8717a6a207d3349-dmidecode-3.0-5.el7-x86_64/checksum_data
             64 100%    0.19kB/s    0:00:00               64 100%    0.19kB/s    0:00:00 (xfr#205, ir-chk=1010/1674)
var/lib/yum/yumdb/d/1f7b1d1140483178e4ec8663a8717a6a207d3349-dmidecode-3.0-5.el7-x86_64/ts_install_langs
              2 100%    0.01kB/s    0:00:00                2 100%    0.01kB/s    0:00:00 (xfr#206, ir-chk=1002/1674)
var/lib/yum/yumdb/d/1f7b1d1140483178e4ec8663a8717a6a207d3349-dmidecode-3.0-5.el7-x86_64/var_uuid
             36 100%    0.11kB/s    0:00:00               36 100%    0.11kB/s    0:00:00 (xfr#207, ir-chk=1001/1674)
var/lib/yum/yumdb/d/36cafaedc68db93e6b28924572bf2d213c3d84c3-device-mapper-persistent-data-0.7.3-3.el7-x86_64/
var/lib/yum/yumdb/d/36cafaedc68db93e6b28924572bf2d213c3d84c3-device-mapper-persistent-data-0.7.3-3.el7-x86_64/checksum_data
             64 100%    0.19kB/s    0:00:00               64 100%    0.19kB/s    0:00:00 (xfr#208, ir-chk=1010/1684)
var/lib/yum/yumdb/d/36cafaedc68db93e6b28924572bf2d213c3d84c3-device-mapper-persistent-data-0.7.3-3.el7-x86_64/ts_install_langs
              2 100%    0.01kB/s    0:00:00                2 100%    0.01kB/s    0:00:00 (xfr#209, ir-chk=1002/1684)
var/lib/yum/yumdb/d/36cafaedc68db93e6b28924572bf2d213c3d84c3-device-mapper-persistent-data-0.7.3-3.el7-x86_64/var_uuid
             36 100%    0.11kB/s    0:00:00               36 100%    0.11kB/s    0:00:00 (xfr#210, ir-chk=1001/1684)
var/lib/yum/yumdb/d/3f95eb2fd74334bac6de968a6949a7c0c10be260-dhcp-libs-4.2.5-68.el7.centos-x86_64/
var/lib/yum/yumdb/d/3f95eb2fd74334bac6de968a6949a7c0c10be260-dhcp-libs-4.2.5-68.el7.centos-x86_64/checksum_data
             64 100%    0.19kB/s    0:00:00               64 100%    0.19kB/s    0:00:00 (xfr#211, ir-chk=1010/1694)
var/lib/yum/yumdb/d/3f95eb2fd74334bac6de968a6949a7c0c10be260-dhcp-libs-4.2.5-68.el7.centos-x86_64/ts_install_langs
              2 100%    0.01kB/s    0:00:00                2 100%    0.01kB/s    0:00:00 (xfr#212, ir-chk=1002/1694)
var/lib/yum/yumdb/d/3f95eb2fd74334bac6de968a6949a7c0c10be260-dhcp-libs-4.2.5-68.el7.centos-x86_64/var_uuid
             36 100%    0.11kB/s    0:00:00               36 100%    0.11kB/s    0:00:00 (xfr#213, ir-chk=1001/1694)
var/lib/yum/yumdb/d/46afc873ac0b112384ca861a615149dcd178b750-device-mapper-libs-1.02.146-4.el7-x86_64/
var/lib/yum/yumdb/d/46afc873ac0b112384ca861a615149dcd178b750-device-mapper-libs-1.02.146-4.el7-x86_64/checksum_data
             64 100%    0.19kB/s    0:00:00               64 100%    0.19kB/s    0:00:00 (xfr#214, ir-chk=1010/1704)
var/lib/yum/yumdb/d/46afc873ac0b112384ca861a615149dcd178b750-device-mapper-libs-1.02.146-4.el7-x86_64/ts_install_langs
              2 100%    0.01kB/s    0:00:00                2 100%    0.01kB/s    0:00:00 (xfr#215, ir-chk=1002/1704)
var/lib/yum/yumdb/d/46afc873ac0b112384ca861a615149dcd178b750-device-mapper-libs-1.02.146-4.el7-x86_64/var_uuid
             36 100%    0.11kB/s    0:00:00               36 100%    0.11kB/s    0:00:00 (xfr#216, ir-chk=1001/1704)
var/lib/yum/yumdb/d/7b4fac8cf83258849b225b361e88a08038ec1c66-dracut-033-535.el7-x86_64/
var/lib/yum/yumdb/d/7b4fac8cf83258849b225b361e88a08038ec1c66-dracut-033-535.el7-x86_64/checksum_data
             64 100%    0.19kB/s    0:00:00               64 100%    0.19kB/s    0:00:00 (xfr#217, ir-chk=1010/1714)
var/lib/yum/yumdb/d/7b4fac8cf83258849b225b361e88a08038ec1c66-dracut-033-535.el7-x86_64/ts_install_langs
              2 100%    0.01kB/s    0:00:00                2 100%    0.01kB/s    0:00:00 (xfr#218, ir-chk=1002/1714)
var/lib/yum/yumdb/d/7b4fac8cf83258849b225b361e88a08038ec1c66-dracut-033-535.el7-x86_64/var_uuid
             36 100%    0.11kB/s    0:00:00               36 100%    0.11kB/s    0:00:00 (xfr#219, ir-chk=1001/1714)
var/lib/yum/yumdb/d/83787faec8b709be1c742924d8f3b0cfe7ef41c4-device-mapper-event-1.02.146-4.el7-x86_64/
var/lib/yum/yumdb/d/83787faec8b709be1c742924d8f3b0cfe7ef41c4-device-mapper-event-1.02.146-4.el7-x86_64/checksum_data
             64 100%    0.19kB/s    0:00:00               64 100%    0.19kB/s    0:00:00 (xfr#220, ir-chk=1010/1724)
var/lib/yum/yumdb/d/83787faec8b709be1c742924d8f3b0cfe7ef41c4-device-mapper-event-1.02.146-4.el7-x86_64/ts_install_langs
              2 100%    0.01kB/s    0:00:00                2 100%    0.01kB/s    0:00:00 (xfr#221, ir-chk=1002/1724)
var/lib/yum/yumdb/d/83787faec8b709be1c742924d8f3b0cfe7ef41c4-device-mapper-event-1.02.146-4.el7-x86_64/var_uuid
             36 100%    0.10kB/s    0:00:00               36 100%    0.10kB/s    0:00:00 (xfr#222, ir-chk=1001/1724)
var/lib/yum/yumdb/d/8d018e3e9d1a98f4a0c2ee8d6fc2122eb54a1f2b-deltarpm-3.6-3.el7-x86_64/
var/lib/yum/yumdb/d/8d018e3e9d1a98f4a0c2ee8d6fc2122eb54a1f2b-deltarpm-3.6-3.el7-x86_64/checksum_data
             64 100%    0.18kB/s    0:00:00               64 100%    0.18kB/s    0:00:00 (xfr#223, ir-chk=1010/1734)
var/lib/yum/yumdb/d/8d018e3e9d1a98f4a0c2ee8d6fc2122eb54a1f2b-deltarpm-3.6-3.el7-x86_64/ts_install_langs
              2 100%    0.01kB/s    0:00:00                2 100%    0.01kB/s    0:00:00 (xfr#224, ir-chk=1002/1734)
var/lib/yum/yumdb/d/8d018e3e9d1a98f4a0c2ee8d6fc2122eb54a1f2b-deltarpm-3.6-3.el7-x86_64/var_uuid
             36 100%    0.10kB/s    0:00:00               36 100%    0.10kB/s    0:00:00 (xfr#225, ir-chk=1001/1734)
var/lib/yum/yumdb/d/ab1136f5e36593a0cca2533f69b903d11db0233b-device-mapper-event-libs-1.02.146-4.el7-x86_64/
var/lib/yum/yumdb/d/ab1136f5e36593a0cca2533f69b903d11db0233b-device-mapper-event-libs-1.02.146-4.el7-x86_64/checksum_data
             64 100%    0.18kB/s    0:00:00               64 100%    0.18kB/s    0:00:00 (xfr#226, ir-chk=1010/1744)
var/lib/yum/yumdb/d/ab1136f5e36593a0cca2533f69b903d11db0233b-device-mapper-event-libs-1.02.146-4.el7-x86_64/ts_install_langs
              2 100%    0.01kB/s    0:00:00                2 100%    0.01kB/s    0:00:00 (xfr#227, ir-chk=1002/1744)
var/lib/yum/yumdb/d/ab1136f5e36593a0cca2533f69b903d11db0233b-device-mapper-event-libs-1.02.146-4.el7-x86_64/var_uuid
             36 100%    0.10kB/s    0:00:00               36 100%    0.10kB/s    0:00:00 (xfr#228, ir-chk=1001/1744)
var/lib/yum/yumdb/d/c43229d94a647fe313ca4531c7033d2d675396d7-device-mapper-1.02.146-4.el7-x86_64/
var/lib/yum/yumdb/d/c43229d94a647fe313ca4531c7033d2d675396d7-device-mapper-1.02.146-4.el7-x86_64/checksum_data
             64 100%    0.18kB/s    0:00:00               64 100%    0.18kB/s    0:00:00 (xfr#229, ir-chk=1010/1754)
var/lib/yum/yumdb/d/c43229d94a647fe313ca4531c7033d2d675396d7-device-mapper-1.02.146-4.el7-x86_64/ts_install_langs
              2 100%    0.01kB/s    0:00:00                2 100%    0.01kB/s    0:00:00 (xfr#230, ir-chk=1002/1754)
var/lib/yum/yumdb/d/c43229d94a647fe313ca4531c7033d2d675396d7-device-mapper-1.02.146-4.el7-x86_64/var_uuid
             36 100%    0.10kB/s    0:00:00               36 100%    0.10kB/s    0:00:00 (xfr#231, ir-chk=1001/1754)
var/lib/yum/yumdb/d/d2dac7b7018839610594b902ac9080de4a05fb86-dbus-python-1.1.1-9.el7-x86_64/
var/lib/yum/yumdb/d/d2dac7b7018839610594b902ac9080de4a05fb86-dbus-python-1.1.1-9.el7-x86_64/checksum_data
             64 100%    0.18kB/s    0:00:00               64 100%    0.18kB/s    0:00:00 (xfr#232, ir-chk=1010/1764)
var/lib/yum/yumdb/d/d2dac7b7018839610594b902ac9080de4a05fb86-dbus-python-1.1.1-9.el7-x86_64/ts_install_langs
              2 100%    0.01kB/s    0:00:00                2 100%    0.01kB/s    0:00:00 (xfr#233, ir-chk=1002/1764)
var/lib/yum/yumdb/d/d2dac7b7018839610594b902ac9080de4a05fb86-dbus-python-1.1.1-9.el7-x86_64/var_uuid
             36 100%    0.10kB/s    0:00:00               36 100%    0.10kB/s    0:00:00 (xfr#234, ir-chk=1001/1764)
var/lib/yum/yumdb/d/eb80708216384bd89a2ef3dd929967a78ef76cd9-dbus-1.10.24-7.el7-x86_64/
var/lib/yum/yumdb/d/eb80708216384bd89a2ef3dd929967a78ef76cd9-dbus-1.10.24-7.el7-x86_64/checksum_data
             64 100%    0.18kB/s    0:00:00               64 100%    0.18kB/s    0:00:00 (xfr#235, ir-chk=1010/1774)
var/lib/yum/yumdb/d/eb80708216384bd89a2ef3dd929967a78ef76cd9-dbus-1.10.24-7.el7-x86_64/ts_install_langs
              2 100%    0.01kB/s    0:00:00                2 100%    0.01kB/s    0:00:00 (xfr#236, ir-chk=1002/1774)
var/lib/yum/yumdb/d/eb80708216384bd89a2ef3dd929967a78ef76cd9-dbus-1.10.24-7.el7-x86_64/var_uuid
             36 100%    0.10kB/s    0:00:00               36 100%    0.10kB/s    0:00:00 (xfr#237, ir-chk=1001/1774)
var/lib/yum/yumdb/d/f02d2e8a49cfc886d973063b97676b8f1f6500c5-diffutils-3.3-4.el7-x86_64/
var/lib/yum/yumdb/d/f02d2e8a49cfc886d973063b97676b8f1f6500c5-diffutils-3.3-4.el7-x86_64/checksum_data
             64 100%    0.18kB/s    0:00:00               64 100%    0.18kB/s    0:00:00 (xfr#238, ir-chk=1010/1784)
var/lib/yum/yumdb/d/f02d2e8a49cfc886d973063b97676b8f1f6500c5-diffutils-3.3-4.el7-x86_64/ts_install_langs
              2 100%    0.01kB/s    0:00:00                2 100%    0.01kB/s    0:00:00 (xfr#239, ir-chk=1002/1784)
var/lib/yum/yumdb/d/f02d2e8a49cfc886d973063b97676b8f1f6500c5-diffutils-3.3-4.el7-x86_64/var_uuid
             36 100%    0.10kB/s    0:00:00               36 100%    0.10kB/s    0:00:00 (xfr#240, ir-chk=1001/1784)
var/lib/yum/yumdb/d/f44f9e74275f355fd18b089efabf7a57787e411c-dhclient-4.2.5-68.el7.centos-x86_64/
var/lib/yum/yumdb/d/f44f9e74275f355fd18b089efabf7a57787e411c-dhclient-4.2.5-68.el7.centos-x86_64/checksum_data
             64 100%    0.18kB/s    0:00:00               64 100%    0.18kB/s    0:00:00 (xfr#241, ir-chk=1010/1794)
var/lib/yum/yumdb/d/f44f9e74275f355fd18b089efabf7a57787e411c-dhclient-4.2.5-68.el7.centos-x86_64/ts_install_langs
              2 100%    0.01kB/s    0:00:00                2 100%    0.01kB/s    0:00:00 (xfr#242, ir-chk=1002/1794)
var/lib/yum/yumdb/d/f44f9e74275f355fd18b089efabf7a57787e411c-dhclient-4.2.5-68.el7.centos-x86_64/var_uuid
             36 100%    0.10kB/s    0:00:00               36 100%    0.10kB/s    0:00:00 (xfr#243, ir-chk=1001/1794)
var/lib/yum/yumdb/e/
var/lib/yum/yumdb/e/3087fffb972005b1ccbbbc725ce5086628566c7b-ebtables-2.0.10-16.el7-x86_64/
var/lib/yum/yumdb/e/3087fffb972005b1ccbbbc725ce5086628566c7b-ebtables-2.0.10-16.el7-x86_64/checksum_data
             64 100%    0.17kB/s    0:00:00               64 100%    0.17kB/s    0:00:00 (xfr#244, ir-chk=1012/1814)
var/lib/yum/yumdb/e/3087fffb972005b1ccbbbc725ce5086628566c7b-ebtables-2.0.10-16.el7-x86_64/ts_install_langs
              2 100%    0.01kB/s    0:00:00                2 100%    0.01kB/s    0:00:00 (xfr#245, ir-chk=1004/1814)
var/lib/yum/yumdb/e/3087fffb972005b1ccbbbc725ce5086628566c7b-ebtables-2.0.10-16.el7-x86_64/var_uuid
             36 100%    0.10kB/s    0:00:00               36 100%    0.10kB/s    0:00:00 (xfr#246, ir-chk=1003/1814)
var/lib/yum/yumdb/e/56da6b3004363bf173b7c3a0f0c941919007bcc8-e2fsprogs-1.42.9-11.el7-x86_64/
var/lib/yum/yumdb/e/56da6b3004363bf173b7c3a0f0c941919007bcc8-e2fsprogs-1.42.9-11.el7-x86_64/checksum_data
             64 100%    0.17kB/s    0:00:00               64 100%    0.17kB/s    0:00:00 (xfr#247, ir-chk=1012/1824)
var/lib/yum/yumdb/e/56da6b3004363bf173b7c3a0f0c941919007bcc8-e2fsprogs-1.42.9-11.el7-x86_64/ts_install_langs
              2 100%    0.01kB/s    0:00:00                2 100%    0.01kB/s    0:00:00 (xfr#248, ir-chk=1004/1824)
var/lib/yum/yumdb/e/56da6b3004363bf173b7c3a0f0c941919007bcc8-e2fsprogs-1.42.9-11.el7-x86_64/var_uuid
             36 100%    0.10kB/s    0:00:00               36 100%    0.10kB/s    0:00:00 (xfr#249, ir-chk=1003/1824)
var/lib/yum/yumdb/e/570039698d5dcc36adb0da9ed1e229fbec78f216-ethtool-4.8-7.el7-x86_64/
var/lib/yum/yumdb/e/570039698d5dcc36adb0da9ed1e229fbec78f216-ethtool-4.8-7.el7-x86_64/checksum_data
             64 100%    0.17kB/s    0:00:00               64 100%    0.17kB/s    0:00:00 (xfr#250, ir-chk=1012/1834)
var/lib/yum/yumdb/e/570039698d5dcc36adb0da9ed1e229fbec78f216-ethtool-4.8-7.el7-x86_64/ts_install_langs
              2 100%    0.01kB/s    0:00:00                2 100%    0.01kB/s    0:00:00 (xfr#251, ir-chk=1004/1834)
var/lib/yum/yumdb/e/570039698d5dcc36adb0da9ed1e229fbec78f216-ethtool-4.8-7.el7-x86_64/var_uuid
             36 100%    0.10kB/s    0:00:00               36 100%    0.10kB/s    0:00:00 (xfr#252, ir-chk=1003/1834)
var/lib/yum/yumdb/e/60ff81da46672c6d0409df1180d5076641c50934-expat-2.1.0-10.el7_3-x86_64/
var/lib/yum/yumdb/e/60ff81da46672c6d0409df1180d5076641c50934-expat-2.1.0-10.el7_3-x86_64/checksum_data
             64 100%    0.17kB/s    0:00:00               64 100%    0.17kB/s    0:00:00 (xfr#253, ir-chk=1012/1844)
var/lib/yum/yumdb/e/60ff81da46672c6d0409df1180d5076641c50934-expat-2.1.0-10.el7_3-x86_64/ts_install_langs
              2 100%    0.01kB/s    0:00:00                2 100%    0.01kB/s    0:00:00 (xfr#254, ir-chk=1004/1844)
var/lib/yum/yumdb/e/60ff81da46672c6d0409df1180d5076641c50934-expat-2.1.0-10.el7_3-x86_64/var_uuid
             36 100%    0.10kB/s    0:00:00               36 100%    0.10kB/s    0:00:00 (xfr#255, ir-chk=1003/1844)
var/lib/yum/yumdb/e/a418f473c18fd81ccba5b55d9631b5b4f1d1c4f7-e2fsprogs-libs-1.42.9-11.el7-x86_64/
var/lib/yum/yumdb/e/a418f473c18fd81ccba5b55d9631b5b4f1d1c4f7-e2fsprogs-libs-1.42.9-11.el7-x86_64/checksum_data
             64 100%    0.17kB/s    0:00:00               64 100%    0.17kB/s    0:00:00 (xfr#256, ir-chk=1012/1854)
var/lib/yum/yumdb/e/a418f473c18fd81ccba5b55d9631b5b4f1d1c4f7-e2fsprogs-libs-1.42.9-11.el7-x86_64/ts_install_langs
              2 100%    0.01kB/s    0:00:00                2 100%    0.01kB/s    0:00:00 (xfr#257, ir-chk=1004/1854)
var/lib/yum/yumdb/e/a418f473c18fd81ccba5b55d9631b5b4f1d1c4f7-e2fsprogs-libs-1.42.9-11.el7-x86_64/var_uuid
             36 100%    0.10kB/s    0:00:00               36 100%    0.10kB/s    0:00:00 (xfr#258, ir-chk=1003/1854)
var/lib/yum/yumdb/e/be7480b370f66b537e303233f54acc76d1f5bb33-elfutils-default-yama-scope-0.170-4.el7-noarch/
var/lib/yum/yumdb/e/be7480b370f66b537e303233f54acc76d1f5bb33-elfutils-default-yama-scope-0.170-4.el7-noarch/checksum_data
             64 100%    0.17kB/s    0:00:00               64 100%    0.17kB/s    0:00:00 (xfr#259, ir-chk=1012/1864)
var/lib/yum/yumdb/e/be7480b370f66b537e303233f54acc76d1f5bb33-elfutils-default-yama-scope-0.170-4.el7-noarch/ts_install_langs
              2 100%    0.01kB/s    0:00:00                2 100%    0.01kB/s    0:00:00 (xfr#260, ir-chk=1004/1864)
var/lib/yum/yumdb/e/be7480b370f66b537e303233f54acc76d1f5bb33-elfutils-default-yama-scope-0.170-4.el7-noarch/var_uuid
             36 100%    0.09kB/s    0:00:00               36 100%    0.09kB/s    0:00:00 (xfr#261, ir-chk=1003/1864)
var/lib/yum/yumdb/e/f58c3217a2811c53a2b258ee29cb4e70bbedcba9-elfutils-libelf-0.170-4.el7-x86_64/
var/lib/yum/yumdb/e/f58c3217a2811c53a2b258ee29cb4e70bbedcba9-elfutils-libelf-0.170-4.el7-x86_64/checksum_data
             64 100%    0.17kB/s    0:00:00               64 100%    0.17kB/s    0:00:00 (xfr#262, ir-chk=1012/1874)
var/lib/yum/yumdb/e/f58c3217a2811c53a2b258ee29cb4e70bbedcba9-elfutils-libelf-0.170-4.el7-x86_64/ts_install_langs
              2 100%    0.01kB/s    0:00:00                2 100%    0.01kB/s    0:00:00 (xfr#263, ir-chk=1004/1874)
var/lib/yum/yumdb/e/f58c3217a2811c53a2b258ee29cb4e70bbedcba9-elfutils-libelf-0.170-4.el7-x86_64/var_uuid
             36 100%    0.09kB/s    0:00:00               36 100%    0.09kB/s    0:00:00 (xfr#264, ir-chk=1003/1874)
var/lib/yum/yumdb/e/fff695c6cfc5ab6bb9220b08777100e9a4a597ce-elfutils-libs-0.170-4.el7-x86_64/
var/lib/yum/yumdb/e/fff695c6cfc5ab6bb9220b08777100e9a4a597ce-elfutils-libs-0.170-4.el7-x86_64/checksum_data
             64 100%    0.17kB/s    0:00:00               64 100%    0.17kB/s    0:00:00 (xfr#265, ir-chk=1012/1884)
var/lib/yum/yumdb/e/fff695c6cfc5ab6bb9220b08777100e9a4a597ce-elfutils-libs-0.170-4.el7-x86_64/ts_install_langs
              2 100%    0.01kB/s    0:00:00                2 100%    0.01kB/s    0:00:00 (xfr#266, ir-chk=1004/1884)
var/lib/yum/yumdb/e/fff695c6cfc5ab6bb9220b08777100e9a4a597ce-elfutils-libs-0.170-4.el7-x86_64/var_uuid
             36 100%    0.09kB/s    0:00:00               36 100%    0.09kB/s    0:00:00 (xfr#267, ir-chk=1003/1884)
var/lib/yum/yumdb/f/
var/lib/yum/yumdb/f/083ae06f0e3c291eff1200dbf257c4a9ce76d325-firewalld-0.4.4.4-14.el7-noarch/
var/lib/yum/yumdb/f/083ae06f0e3c291eff1200dbf257c4a9ce76d325-firewalld-0.4.4.4-14.el7-noarch/checksum_data
             64 100%    0.16kB/s    0:00:00               64 100%    0.16kB/s    0:00:00 (xfr#268, ir-chk=1013/1904)
var/lib/yum/yumdb/f/083ae06f0e3c291eff1200dbf257c4a9ce76d325-firewalld-0.4.4.4-14.el7-noarch/ts_install_langs
              2 100%    0.01kB/s    0:00:00                2 100%    0.01kB/s    0:00:00 (xfr#269, ir-chk=1005/1904)
var/lib/yum/yumdb/f/083ae06f0e3c291eff1200dbf257c4a9ce76d325-firewalld-0.4.4.4-14.el7-noarch/var_uuid
             36 100%    0.09kB/s    0:00:00               36 100%    0.09kB/s    0:00:00 (xfr#270, ir-chk=1004/1904)
var/lib/yum/yumdb/f/19461e9d5d3ea8a24047247bd3a6cb88c045b2da-firewalld-filesystem-0.4.4.4-14.el7-noarch/
var/lib/yum/yumdb/f/19461e9d5d3ea8a24047247bd3a6cb88c045b2da-firewalld-filesystem-0.4.4.4-14.el7-noarch/checksum_data
             64 100%    0.16kB/s    0:00:00               64 100%    0.16kB/s    0:00:00 (xfr#271, ir-chk=1013/1914)
var/lib/yum/yumdb/f/19461e9d5d3ea8a24047247bd3a6cb88c045b2da-firewalld-filesystem-0.4.4.4-14.el7-noarch/ts_install_langs
              2 100%    0.01kB/s    0:00:00                2 100%    0.01kB/s    0:00:00 (xfr#272, ir-chk=1005/1914)
var/lib/yum/yumdb/f/19461e9d5d3ea8a24047247bd3a6cb88c045b2da-firewalld-filesystem-0.4.4.4-14.el7-noarch/var_uuid
             36 100%    0.09kB/s    0:00:00               36 100%    0.09kB/s    0:00:00 (xfr#273, ir-chk=1004/1914)
var/lib/yum/yumdb/f/1ce48ae4c09e6516a5dc41332a208fb4113a5b12-file-libs-5.11-33.el7-x86_64/
var/lib/yum/yumdb/f/1ce48ae4c09e6516a5dc41332a208fb4113a5b12-file-libs-5.11-33.el7-x86_64/checksum_data
             64 100%    0.16kB/s    0:00:00               64 100%    0.16kB/s    0:00:00 (xfr#274, ir-chk=1013/1924)
var/lib/yum/yumdb/f/1ce48ae4c09e6516a5dc41332a208fb4113a5b12-file-libs-5.11-33.el7-x86_64/ts_install_langs
              2 100%    0.01kB/s    0:00:00                2 100%    0.01kB/s    0:00:00 (xfr#275, ir-chk=1005/1924)
var/lib/yum/yumdb/f/1ce48ae4c09e6516a5dc41332a208fb4113a5b12-file-libs-5.11-33.el7-x86_64/var_uuid
             36 100%    0.09kB/s    0:00:00               36 100%    0.09kB/s    0:00:00 (xfr#276, ir-chk=1004/1924)
var/lib/yum/yumdb/f/5f97dcb516766d29415ef96d579e496828dc890c-findutils-4.5.11-5.el7-x86_64/
var/lib/yum/yumdb/f/5f97dcb516766d29415ef96d579e496828dc890c-findutils-4.5.11-5.el7-x86_64/checksum_data
             64 100%    0.16kB/s    0:00:00               64 100%    0.16kB/s    0:00:00 (xfr#277, ir-chk=1013/1934)
var/lib/yum/yumdb/f/5f97dcb516766d29415ef96d579e496828dc890c-findutils-4.5.11-5.el7-x86_64/ts_install_langs
              2 100%    0.00kB/s    0:00:00                2 100%    0.00kB/s    0:00:00 (xfr#278, ir-chk=1005/1934)
var/lib/yum/yumdb/f/5f97dcb516766d29415ef96d579e496828dc890c-findutils-4.5.11-5.el7-x86_64/var_uuid
             36 100%    0.09kB/s    0:00:00               36 100%    0.09kB/s    0:00:00 (xfr#279, ir-chk=1004/1934)
var/lib/yum/yumdb/f/aea07df6245ca8c9d4d5463a44d98a2be7dbb6f4-filesystem-3.2-25.el7-x86_64/
var/lib/yum/yumdb/f/aea07df6245ca8c9d4d5463a44d98a2be7dbb6f4-filesystem-3.2-25.el7-x86_64/checksum_data
             64 100%    0.16kB/s    0:00:00               64 100%    0.16kB/s    0:00:00 (xfr#280, ir-chk=1013/1944)
var/lib/yum/yumdb/f/aea07df6245ca8c9d4d5463a44d98a2be7dbb6f4-filesystem-3.2-25.el7-x86_64/ts_install_langs
              2 100%    0.00kB/s    0:00:00                2 100%    0.00kB/s    0:00:00 (xfr#281, ir-chk=1005/1944)
var/lib/yum/yumdb/f/aea07df6245ca8c9d4d5463a44d98a2be7dbb6f4-filesystem-3.2-25.el7-x86_64/var_uuid
             36 100%    0.09kB/s    0:00:00               36 100%    0.09kB/s    0:00:00 (xfr#282, ir-chk=1004/1944)
var/lib/yum/yumdb/f/b3411b91c4f4f9ac6441f0f8643d20fc15afc6b1-fipscheck-1.4.1-6.el7-x86_64/
var/lib/yum/yumdb/f/b3411b91c4f4f9ac6441f0f8643d20fc15afc6b1-fipscheck-1.4.1-6.el7-x86_64/checksum_data
             64 100%    0.16kB/s    0:00:00               64 100%    0.16kB/s    0:00:00 (xfr#283, ir-chk=1013/1954)
var/lib/yum/yumdb/f/b3411b91c4f4f9ac6441f0f8643d20fc15afc6b1-fipscheck-1.4.1-6.el7-x86_64/ts_install_langs
              2 100%    0.00kB/s    0:00:00                2 100%    0.00kB/s    0:00:00 (xfr#284, ir-chk=1005/1954)
var/lib/yum/yumdb/f/b3411b91c4f4f9ac6441f0f8643d20fc15afc6b1-fipscheck-1.4.1-6.el7-x86_64/var_uuid
             36 100%    0.09kB/s    0:00:00               36 100%    0.09kB/s    0:00:00 (xfr#285, ir-chk=1004/1954)
var/lib/yum/yumdb/f/cb7e013b0931dc495c9295d40ffbd0f49e31484b-fipscheck-lib-1.4.1-6.el7-x86_64/
var/lib/yum/yumdb/f/cb7e013b0931dc495c9295d40ffbd0f49e31484b-fipscheck-lib-1.4.1-6.el7-x86_64/checksum_data
             64 100%    0.16kB/s    0:00:00               64 100%    0.16kB/s    0:00:00 (xfr#286, ir-chk=1013/1964)
var/lib/yum/yumdb/f/cb7e013b0931dc495c9295d40ffbd0f49e31484b-fipscheck-lib-1.4.1-6.el7-x86_64/ts_install_langs
              2 100%    0.00kB/s    0:00:00                2 100%    0.00kB/s    0:00:00 (xfr#287, ir-chk=1005/1964)
var/lib/yum/yumdb/f/cb7e013b0931dc495c9295d40ffbd0f49e31484b-fipscheck-lib-1.4.1-6.el7-x86_64/var_uuid
             36 100%    0.09kB/s    0:00:00               36 100%    0.09kB/s    0:00:00 (xfr#288, ir-chk=1004/1964)
var/lib/yum/yumdb/f/dd5136cf119858881ac1bda5697c0653b21c0e0d-freetype-2.4.11-15.el7-x86_64/
var/lib/yum/yumdb/f/dd5136cf119858881ac1bda5697c0653b21c0e0d-freetype-2.4.11-15.el7-x86_64/checksum_data
             64 100%    0.15kB/s    0:00:00               64 100%    0.15kB/s    0:00:00 (xfr#289, ir-chk=1013/1974)
var/lib/yum/yumdb/f/dd5136cf119858881ac1bda5697c0653b21c0e0d-freetype-2.4.11-15.el7-x86_64/ts_install_langs
              2 100%    0.00kB/s    0:00:00                2 100%    0.00kB/s    0:00:00 (xfr#290, ir-chk=1005/1974)
var/lib/yum/yumdb/f/dd5136cf119858881ac1bda5697c0653b21c0e0d-freetype-2.4.11-15.el7-x86_64/var_uuid
             36 100%    0.09kB/s    0:00:00               36 100%    0.09kB/s    0:00:00 (xfr#291, ir-chk=1004/1974)
var/lib/yum/yumdb/f/f758196270c48b0157441baac14b6c22f386a0d2-file-5.11-33.el7-x86_64/
var/lib/yum/yumdb/f/f758196270c48b0157441baac14b6c22f386a0d2-file-5.11-33.el7-x86_64/checksum_data
             64 100%    0.15kB/s    0:00:00               64 100%    0.15kB/s    0:00:00 (xfr#292, ir-chk=1013/1984)
var/lib/yum/yumdb/f/f758196270c48b0157441baac14b6c22f386a0d2-file-5.11-33.el7-x86_64/ts_install_langs
              2 100%    0.00kB/s    0:00:00                2 100%    0.00kB/s    0:00:00 (xfr#293, ir-chk=1005/1984)
var/lib/yum/yumdb/f/f758196270c48b0157441baac14b6c22f386a0d2-file-5.11-33.el7-x86_64/var_uuid
             36 100%    0.09kB/s    0:00:00               36 100%    0.09kB/s    0:00:00 (xfr#294, ir-chk=1004/1984)
var/lib/yum/yumdb/g/
var/lib/yum/yumdb/g/2335cbc8a31a0208e164d0d6d7ed956f8a5c20b2-git-1.8.3.1-14.el7_5-x86_64/
var/lib/yum/yumdb/g/2335cbc8a31a0208e164d0d6d7ed956f8a5c20b2-git-1.8.3.1-14.el7_5-x86_64/checksum_data
             64 100%    0.15kB/s    0:00:00               64 100%    0.15kB/s    0:00:00 (xfr#295, ir-chk=1021/2027)
var/lib/yum/yumdb/g/2335cbc8a31a0208e164d0d6d7ed956f8a5c20b2-git-1.8.3.1-14.el7_5-x86_64/command_line
             11 100%    0.03kB/s    0:00:00               11 100%    0.03kB/s    0:00:00 (xfr#296, ir-chk=1019/2027)
var/lib/yum/yumdb/g/2335cbc8a31a0208e164d0d6d7ed956f8a5c20b2-git-1.8.3.1-14.el7_5-x86_64/from_repo
              7 100%    0.02kB/s    0:00:00                7 100%    0.02kB/s    0:00:00 (xfr#297, ir-chk=1018/2027)
var/lib/yum/yumdb/g/2335cbc8a31a0208e164d0d6d7ed956f8a5c20b2-git-1.8.3.1-14.el7_5-x86_64/from_repo_revision
             10 100%    0.02kB/s    0:00:00               10 100%    0.02kB/s    0:00:00 (xfr#298, ir-chk=1017/2027)
var/lib/yum/yumdb/g/2335cbc8a31a0208e164d0d6d7ed956f8a5c20b2-git-1.8.3.1-14.el7_5-x86_64/from_repo_timestamp
             10 100%    0.02kB/s    0:00:00               10 100%    0.02kB/s    0:00:00 (xfr#299, ir-chk=1016/2027)
var/lib/yum/yumdb/g/2335cbc8a31a0208e164d0d6d7ed956f8a5c20b2-git-1.8.3.1-14.el7_5-x86_64/installed_by
              4 100%    0.01kB/s    0:00:00                4 100%    0.01kB/s    0:00:00 (xfr#300, ir-chk=1015/2027)
var/lib/yum/yumdb/g/2335cbc8a31a0208e164d0d6d7ed956f8a5c20b2-git-1.8.3.1-14.el7_5-x86_64/origin_url
             95 100%    0.22kB/s    0:00:00               95 100%    0.22kB/s    0:00:00 (xfr#301, ir-chk=1014/2027)
var/lib/yum/yumdb/g/2335cbc8a31a0208e164d0d6d7ed956f8a5c20b2-git-1.8.3.1-14.el7_5-x86_64/reason
              4 100%    0.01kB/s    0:00:00                4 100%    0.01kB/s    0:00:00 (xfr#302, ir-chk=1013/2027)
var/lib/yum/yumdb/g/2335cbc8a31a0208e164d0d6d7ed956f8a5c20b2-git-1.8.3.1-14.el7_5-x86_64/var_contentdir
              7 100%    0.02kB/s    0:00:00                7 100%    0.02kB/s    0:00:00 (xfr#303, ir-chk=1011/2027)
var/lib/yum/yumdb/g/2335cbc8a31a0208e164d0d6d7ed956f8a5c20b2-git-1.8.3.1-14.el7_5-x86_64/var_infra
              3 100%    0.01kB/s    0:00:00                3 100%    0.01kB/s    0:00:00 (xfr#304, ir-chk=1010/2027)
var/lib/yum/yumdb/g/2335cbc8a31a0208e164d0d6d7ed956f8a5c20b2-git-1.8.3.1-14.el7_5-x86_64/var_uuid
             36 100%    0.09kB/s    0:00:00               36 100%    0.09kB/s    0:00:00 (xfr#305, ir-chk=1009/2027)
var/lib/yum/yumdb/g/25f39c35c36beb6d03f565e1c9205cbeda8dbc21-glibc-common-2.17-222.el7-x86_64/
var/lib/yum/yumdb/g/25f39c35c36beb6d03f565e1c9205cbeda8dbc21-glibc-common-2.17-222.el7-x86_64/checksum_data
             64 100%    0.15kB/s    0:00:00               64 100%    0.15kB/s    0:00:00 (xfr#306, ir-chk=1018/2037)
var/lib/yum/yumdb/g/25f39c35c36beb6d03f565e1c9205cbeda8dbc21-glibc-common-2.17-222.el7-x86_64/ts_install_langs
              2 100%    0.00kB/s    0:00:00                2 100%    0.00kB/s    0:00:00 (xfr#307, ir-chk=1010/2037)
var/lib/yum/yumdb/g/25f39c35c36beb6d03f565e1c9205cbeda8dbc21-glibc-common-2.17-222.el7-x86_64/var_uuid
             36 100%    0.08kB/s    0:00:00               36 100%    0.08kB/s    0:00:00 (xfr#308, ir-chk=1009/2037)
var/lib/yum/yumdb/g/30483f6c7999f2ee8a2316d49101c842be9685ec-gdbm-1.10-8.el7-x86_64/
var/lib/yum/yumdb/g/30483f6c7999f2ee8a2316d49101c842be9685ec-gdbm-1.10-8.el7-x86_64/checksum_data
             64 100%    0.15kB/s    0:00:00               64 100%    0.15kB/s    0:00:00 (xfr#309, ir-chk=1018/2047)
var/lib/yum/yumdb/g/30483f6c7999f2ee8a2316d49101c842be9685ec-gdbm-1.10-8.el7-x86_64/ts_install_langs
              2 100%    0.00kB/s    0:00:00                2 100%    0.00kB/s    0:00:00 (xfr#310, ir-chk=1010/2047)
var/lib/yum/yumdb/g/30483f6c7999f2ee8a2316d49101c842be9685ec-gdbm-1.10-8.el7-x86_64/var_uuid
             36 100%    0.08kB/s    0:00:00               36 100%    0.08kB/s    0:00:00 (xfr#311, ir-chk=1009/2047)
var/lib/yum/yumdb/g/3de8074ea416eff23dc27d9e3e3a253c78c0e5da-gnupg2-2.0.22-4.el7-x86_64/
var/lib/yum/yumdb/g/3de8074ea416eff23dc27d9e3e3a253c78c0e5da-gnupg2-2.0.22-4.el7-x86_64/checksum_data
             64 100%    0.15kB/s    0:00:00               64 100%    0.15kB/s    0:00:00 (xfr#312, ir-chk=1018/2057)
var/lib/yum/yumdb/g/3de8074ea416eff23dc27d9e3e3a253c78c0e5da-gnupg2-2.0.22-4.el7-x86_64/ts_install_langs
              2 100%    0.00kB/s    0:00:00                2 100%    0.00kB/s    0:00:00 (xfr#313, ir-chk=1010/2057)
var/lib/yum/yumdb/g/3de8074ea416eff23dc27d9e3e3a253c78c0e5da-gnupg2-2.0.22-4.el7-x86_64/var_uuid
             36 100%    0.08kB/s    0:00:00               36 100%    0.08kB/s    0:00:00 (xfr#314, ir-chk=1009/2057)
var/lib/yum/yumdb/g/4af89a4b1b0a5059027aa7e053c857186e360003-grub2-pc-modules-2.02-0.65.el7.centos.2-noarch/
var/lib/yum/yumdb/g/4af89a4b1b0a5059027aa7e053c857186e360003-grub2-pc-modules-2.02-0.65.el7.centos.2-noarch/checksum_data
             64 100%    0.15kB/s    0:00:00               64 100%    0.15kB/s    0:00:00 (xfr#315, ir-chk=1018/2067)
var/lib/yum/yumdb/g/4af89a4b1b0a5059027aa7e053c857186e360003-grub2-pc-modules-2.02-0.65.el7.centos.2-noarch/ts_install_langs
              2 100%    0.00kB/s    0:00:00                2 100%    0.00kB/s    0:00:00 (xfr#316, ir-chk=1010/2067)
var/lib/yum/yumdb/g/4af89a4b1b0a5059027aa7e053c857186e360003-grub2-pc-modules-2.02-0.65.el7.centos.2-noarch/var_uuid
             36 100%    0.08kB/s    0:00:00               36 100%    0.08kB/s    0:00:00 (xfr#317, ir-chk=1009/2067)
var/lib/yum/yumdb/g/502e252b1b4288d48e6865bdcfdfd24c92d8e960-gmp-6.0.0-15.el7-x86_64/
var/lib/yum/yumdb/g/502e252b1b4288d48e6865bdcfdfd24c92d8e960-gmp-6.0.0-15.el7-x86_64/checksum_data
             64 100%    0.15kB/s    0:00:00               64 100%    0.15kB/s    0:00:00 (xfr#318, ir-chk=1018/2077)
var/lib/yum/yumdb/g/502e252b1b4288d48e6865bdcfdfd24c92d8e960-gmp-6.0.0-15.el7-x86_64/ts_install_langs
              2 100%    0.00kB/s    0:00:00                2 100%    0.00kB/s    0:00:00 (xfr#319, ir-chk=1010/2077)
var/lib/yum/yumdb/g/502e252b1b4288d48e6865bdcfdfd24c92d8e960-gmp-6.0.0-15.el7-x86_64/var_uuid
             36 100%    0.08kB/s    0:00:00               36 100%    0.08kB/s    0:00:00 (xfr#320, ir-chk=1009/2077)
var/lib/yum/yumdb/g/50a47b710bfce81e654b909fba1744ecc14f0a3d-grub2-2.02-0.65.el7.centos.2-x86_64/
var/lib/yum/yumdb/g/50a47b710bfce81e654b909fba1744ecc14f0a3d-grub2-2.02-0.65.el7.centos.2-x86_64/checksum_data
             64 100%    0.15kB/s    0:00:00               64 100%    0.15kB/s    0:00:00 (xfr#321, ir-chk=1018/2087)
var/lib/yum/yumdb/g/50a47b710bfce81e654b909fba1744ecc14f0a3d-grub2-2.02-0.65.el7.centos.2-x86_64/ts_install_langs
              2 100%    0.00kB/s    0:00:00                2 100%    0.00kB/s    0:00:00 (xfr#322, ir-chk=1010/2087)
var/lib/yum/yumdb/g/50a47b710bfce81e654b909fba1744ecc14f0a3d-grub2-2.02-0.65.el7.centos.2-x86_64/var_uuid
             36 100%    0.08kB/s    0:00:00               36 100%    0.08kB/s    0:00:00 (xfr#323, ir-chk=1009/2087)
var/lib/yum/yumdb/g/5a6b8c9c08c4a95769f4f6d4bd9ec77144f1a23b-gssproxy-0.7.0-17.el7-x86_64/
var/lib/yum/yumdb/g/5a6b8c9c08c4a95769f4f6d4bd9ec77144f1a23b-gssproxy-0.7.0-17.el7-x86_64/checksum_data
             64 100%    0.15kB/s    0:00:00               64 100%    0.15kB/s    0:00:00 (xfr#324, ir-chk=1018/2097)
var/lib/yum/yumdb/g/5a6b8c9c08c4a95769f4f6d4bd9ec77144f1a23b-gssproxy-0.7.0-17.el7-x86_64/ts_install_langs
              2 100%    0.00kB/s    0:00:00                2 100%    0.00kB/s    0:00:00 (xfr#325, ir-chk=1010/2097)
var/lib/yum/yumdb/g/5a6b8c9c08c4a95769f4f6d4bd9ec77144f1a23b-gssproxy-0.7.0-17.el7-x86_64/var_uuid
             36 100%    0.08kB/s    0:00:00               36 100%    0.08kB/s    0:00:00 (xfr#326, ir-chk=1009/2097)
var/lib/yum/yumdb/g/69f33acbe8231ed01407d7e4e9796bd6d0f814a6-grubby-8.28-23.el7-x86_64/
var/lib/yum/yumdb/g/69f33acbe8231ed01407d7e4e9796bd6d0f814a6-grubby-8.28-23.el7-x86_64/checksum_data
             64 100%    0.14kB/s    0:00:00               64 100%    0.14kB/s    0:00:00 (xfr#327, ir-chk=1018/2107)
var/lib/yum/yumdb/g/69f33acbe8231ed01407d7e4e9796bd6d0f814a6-grubby-8.28-23.el7-x86_64/ts_install_langs
              2 100%    0.00kB/s    0:00:00                2 100%    0.00kB/s    0:00:00 (xfr#328, ir-chk=1010/2107)
var/lib/yum/yumdb/g/69f33acbe8231ed01407d7e4e9796bd6d0f814a6-grubby-8.28-23.el7-x86_64/var_uuid
             36 100%    0.08kB/s    0:00:00               36 100%    0.08kB/s    0:00:00 (xfr#329, ir-chk=1009/2107)
var/lib/yum/yumdb/g/6b5afb74d0a4665bccf61f248add0672b6a3fe48-grub2-common-2.02-0.65.el7.centos.2-noarch/
var/lib/yum/yumdb/g/6b5afb74d0a4665bccf61f248add0672b6a3fe48-grub2-common-2.02-0.65.el7.centos.2-noarch/checksum_data
             64 100%    0.14kB/s    0:00:00               64 100%    0.14kB/s    0:00:00 (xfr#330, ir-chk=1018/2117)
var/lib/yum/yumdb/g/6b5afb74d0a4665bccf61f248add0672b6a3fe48-grub2-common-2.02-0.65.el7.centos.2-noarch/ts_install_langs
              2 100%    0.00kB/s    0:00:00                2 100%    0.00kB/s    0:00:00 (xfr#331, ir-chk=1010/2117)
var/lib/yum/yumdb/g/6b5afb74d0a4665bccf61f248add0672b6a3fe48-grub2-common-2.02-0.65.el7.centos.2-noarch/var_uuid
             36 100%    0.08kB/s    0:00:00               36 100%    0.08kB/s    0:00:00 (xfr#332, ir-chk=1009/2117)
var/lib/yum/yumdb/g/83ef1e4134a9dbc8892327371955e14aaca69d9a-gzip-1.5-10.el7-x86_64/
var/lib/yum/yumdb/g/83ef1e4134a9dbc8892327371955e14aaca69d9a-gzip-1.5-10.el7-x86_64/checksum_data
             64 100%    0.14kB/s    0:00:00               64 100%    0.14kB/s    0:00:00 (xfr#333, ir-chk=1018/2127)
var/lib/yum/yumdb/g/83ef1e4134a9dbc8892327371955e14aaca69d9a-gzip-1.5-10.el7-x86_64/ts_install_langs
              2 100%    0.00kB/s    0:00:00                2 100%    0.00kB/s    0:00:00 (xfr#334, ir-chk=1010/2127)
var/lib/yum/yumdb/g/83ef1e4134a9dbc8892327371955e14aaca69d9a-gzip-1.5-10.el7-x86_64/var_uuid
             36 100%    0.08kB/s    0:00:00               36 100%    0.08kB/s    0:00:00 (xfr#335, ir-chk=1009/2127)
var/lib/yum/yumdb/g/8ab5b1084ab9c6fc62ed3a8add26595db809d5d1-gobject-introspection-1.50.0-1.el7-x86_64/
var/lib/yum/yumdb/g/8ab5b1084ab9c6fc62ed3a8add26595db809d5d1-gobject-introspection-1.50.0-1.el7-x86_64/checksum_data
             64 100%    0.14kB/s    0:00:00               64 100%    0.14kB/s    0:00:00 (xfr#336, ir-chk=1018/2137)
var/lib/yum/yumdb/g/8ab5b1084ab9c6fc62ed3a8add26595db809d5d1-gobject-introspection-1.50.0-1.el7-x86_64/ts_install_langs
              2 100%    0.00kB/s    0:00:00                2 100%    0.00kB/s    0:00:00 (xfr#337, ir-chk=1010/2137)
var/lib/yum/yumdb/g/8ab5b1084ab9c6fc62ed3a8add26595db809d5d1-gobject-introspection-1.50.0-1.el7-x86_64/var_uuid
             36 100%    0.08kB/s    0:00:00               36 100%    0.08kB/s    0:00:00 (xfr#338, ir-chk=1009/2137)
var/lib/yum/yumdb/g/92e5e990d8077a17162d7c2bc7cf7d752a96efce-gawk-4.0.2-4.el7_3.1-x86_64/
var/lib/yum/yumdb/g/92e5e990d8077a17162d7c2bc7cf7d752a96efce-gawk-4.0.2-4.el7_3.1-x86_64/checksum_data
             64 100%    0.14kB/s    0:00:00               64 100%    0.14kB/s    0:00:00 (xfr#339, ir-chk=1018/2147)
var/lib/yum/yumdb/g/92e5e990d8077a17162d7c2bc7cf7d752a96efce-gawk-4.0.2-4.el7_3.1-x86_64/ts_install_langs
              2 100%    0.00kB/s    0:00:00                2 100%    0.00kB/s    0:00:00 (xfr#340, ir-chk=1010/2147)
var/lib/yum/yumdb/g/92e5e990d8077a17162d7c2bc7cf7d752a96efce-gawk-4.0.2-4.el7_3.1-x86_64/var_uuid
             36 100%    0.08kB/s    0:00:00               36 100%    0.08kB/s    0:00:00 (xfr#341, ir-chk=1009/2147)
var/lib/yum/yumdb/g/9607f9117321b3f6acaeee3291c617c8262e48c1-gdisk-0.8.6-5.el7-x86_64/
var/lib/yum/yumdb/g/9607f9117321b3f6acaeee3291c617c8262e48c1-gdisk-0.8.6-5.el7-x86_64/checksum_data
             64 100%    0.14kB/s    0:00:00               64 100%    0.14kB/s    0:00:00 (xfr#342, ir-chk=1018/2157)
var/lib/yum/yumdb/g/9607f9117321b3f6acaeee3291c617c8262e48c1-gdisk-0.8.6-5.el7-x86_64/checksum_type
              6 100%    0.01kB/s    0:00:00                6 100%    0.01kB/s    0:00:00 (xfr#343, ir-chk=1017/2157)
var/lib/yum/yumdb/g/9607f9117321b3f6acaeee3291c617c8262e48c1-gdisk-0.8.6-5.el7-x86_64/command_line
             13 100%    0.03kB/s    0:00:00               13 100%    0.03kB/s    0:00:00 (xfr#344, ir-chk=1016/2157)
var/lib/yum/yumdb/g/9607f9117321b3f6acaeee3291c617c8262e48c1-gdisk-0.8.6-5.el7-x86_64/from_repo
              4 100%    0.01kB/s    0:00:00                4 100%    0.01kB/s    0:00:00 (xfr#345, ir-chk=1015/2157)
var/lib/yum/yumdb/g/9607f9117321b3f6acaeee3291c617c8262e48c1-gdisk-0.8.6-5.el7-x86_64/from_repo_revision
             10 100%    0.02kB/s    0:00:00               10 100%    0.02kB/s    0:00:00 (xfr#346, ir-chk=1014/2157)
var/lib/yum/yumdb/g/9607f9117321b3f6acaeee3291c617c8262e48c1-gdisk-0.8.6-5.el7-x86_64/from_repo_timestamp
             10 100%    0.02kB/s    0:00:00               10 100%    0.02kB/s    0:00:00 (xfr#347, ir-chk=1013/2157)
var/lib/yum/yumdb/g/9607f9117321b3f6acaeee3291c617c8262e48c1-gdisk-0.8.6-5.el7-x86_64/installed_by
              4 100%    0.01kB/s    0:00:00                4 100%    0.01kB/s    0:00:00 (xfr#348, ir-chk=1012/2157)
var/lib/yum/yumdb/g/9607f9117321b3f6acaeee3291c617c8262e48c1-gdisk-0.8.6-5.el7-x86_64/origin_url
             87 100%    0.19kB/s    0:00:00               87 100%    0.19kB/s    0:00:00 (xfr#349, ir-chk=1011/2157)
var/lib/yum/yumdb/g/9607f9117321b3f6acaeee3291c617c8262e48c1-gdisk-0.8.6-5.el7-x86_64/reason
              4 100%    0.01kB/s    0:00:00                4 100%    0.01kB/s    0:00:00 (xfr#350, ir-chk=1010/2157)
var/lib/yum/yumdb/g/9607f9117321b3f6acaeee3291c617c8262e48c1-gdisk-0.8.6-5.el7-x86_64/releasever
              1 100%    0.00kB/s    0:00:00                1 100%    0.00kB/s    0:00:00 (xfr#351, ir-chk=1009/2157)
var/lib/yum/yumdb/g/9607f9117321b3f6acaeee3291c617c8262e48c1-gdisk-0.8.6-5.el7-x86_64/var_contentdir
              7 100%    0.02kB/s    0:00:00                7 100%    0.02kB/s    0:00:00 (xfr#352, ir-chk=1008/2157)
var/lib/yum/yumdb/g/9607f9117321b3f6acaeee3291c617c8262e48c1-gdisk-0.8.6-5.el7-x86_64/var_infra
              3 100%    0.01kB/s    0:00:00                3 100%    0.01kB/s    0:00:00 (xfr#353, ir-chk=1007/2157)
var/lib/yum/yumdb/g/9607f9117321b3f6acaeee3291c617c8262e48c1-gdisk-0.8.6-5.el7-x86_64/var_uuid
             36 100%    0.08kB/s    0:00:00               36 100%    0.08kB/s    0:00:00 (xfr#354, ir-chk=1006/2157)
var/lib/yum/yumdb/g/a4e57e238a7fc0523bacc3cb6739763011c0e8d8-grub2-pc-2.02-0.65.el7.centos.2-x86_64/
var/lib/yum/yumdb/g/a4e57e238a7fc0523bacc3cb6739763011c0e8d8-grub2-pc-2.02-0.65.el7.centos.2-x86_64/checksum_data
             64 100%    0.14kB/s    0:00:00               64 100%    0.14kB/s    0:00:00 (xfr#355, ir-chk=1015/2167)
var/lib/yum/yumdb/g/a4e57e238a7fc0523bacc3cb6739763011c0e8d8-grub2-pc-2.02-0.65.el7.centos.2-x86_64/ts_install_langs
              2 100%    0.00kB/s    0:00:00                2 100%    0.00kB/s    0:00:00 (xfr#356, ir-chk=1007/2167)
var/lib/yum/yumdb/g/a4e57e238a7fc0523bacc3cb6739763011c0e8d8-grub2-pc-2.02-0.65.el7.centos.2-x86_64/var_uuid
             36 100%    0.08kB/s    0:00:00               36 100%    0.08kB/s    0:00:00 (xfr#357, ir-chk=1006/2167)
var/lib/yum/yumdb/g/b2d6dd271041cb246b91b65097203d820912e0e5-grub2-tools-extra-2.02-0.65.el7.centos.2-x86_64/
var/lib/yum/yumdb/g/b2d6dd271041cb246b91b65097203d820912e0e5-grub2-tools-extra-2.02-0.65.el7.centos.2-x86_64/checksum_data
             64 100%    0.14kB/s    0:00:00               64 100%    0.14kB/s    0:00:00 (xfr#358, ir-chk=1015/2177)
var/lib/yum/yumdb/g/b2d6dd271041cb246b91b65097203d820912e0e5-grub2-tools-extra-2.02-0.65.el7.centos.2-x86_64/ts_install_langs
              2 100%    0.00kB/s    0:00:00                2 100%    0.00kB/s    0:00:00 (xfr#359, ir-chk=1007/2177)
var/lib/yum/yumdb/g/b2d6dd271041cb246b91b65097203d820912e0e5-grub2-tools-extra-2.02-0.65.el7.centos.2-x86_64/var_uuid
             36 100%    0.08kB/s    0:00:00               36 100%    0.08kB/s    0:00:00 (xfr#360, ir-chk=1006/2177)
var/lib/yum/yumdb/g/b89cf5833c26546930b36f4b9ef8966299d3bdff-grub2-tools-minimal-2.02-0.65.el7.centos.2-x86_64/
var/lib/yum/yumdb/g/b89cf5833c26546930b36f4b9ef8966299d3bdff-grub2-tools-minimal-2.02-0.65.el7.centos.2-x86_64/checksum_data
             64 100%    0.14kB/s    0:00:00               64 100%    0.14kB/s    0:00:00 (xfr#361, ir-chk=1015/2187)
var/lib/yum/yumdb/g/b89cf5833c26546930b36f4b9ef8966299d3bdff-grub2-tools-minimal-2.02-0.65.el7.centos.2-x86_64/ts_install_langs
              2 100%    0.00kB/s    0:00:00                2 100%    0.00kB/s    0:00:00 (xfr#362, ir-chk=1007/2187)
var/lib/yum/yumdb/g/b89cf5833c26546930b36f4b9ef8966299d3bdff-grub2-tools-minimal-2.02-0.65.el7.centos.2-x86_64/var_uuid
             36 100%    0.08kB/s    0:00:00               36 100%    0.08kB/s    0:00:00 (xfr#363, ir-chk=1006/2187)
var/lib/yum/yumdb/g/cb968162692ff441a1b4d9ebe105f4c5a2294955-grep-2.20-3.el7-x86_64/
var/lib/yum/yumdb/g/cb968162692ff441a1b4d9ebe105f4c5a2294955-grep-2.20-3.el7-x86_64/checksum_data
             64 100%    0.14kB/s    0:00:00               64 100%    0.14kB/s    0:00:00 (xfr#364, ir-chk=1015/2197)
var/lib/yum/yumdb/g/cb968162692ff441a1b4d9ebe105f4c5a2294955-grep-2.20-3.el7-x86_64/ts_install_langs
              2 100%    0.00kB/s    0:00:00                2 100%    0.00kB/s    0:00:00 (xfr#365, ir-chk=1007/2197)
var/lib/yum/yumdb/g/cb968162692ff441a1b4d9ebe105f4c5a2294955-grep-2.20-3.el7-x86_64/var_uuid
             36 100%    0.08kB/s    0:00:00               36 100%    0.08kB/s    0:00:00 (xfr#366, ir-chk=1006/2197)
var/lib/yum/yumdb/g/d084b94e8d0b5b20019568ddf94c888e388ff9b8-gettext-libs-0.19.8.1-2.el7-x86_64/
var/lib/yum/yumdb/g/d084b94e8d0b5b20019568ddf94c888e388ff9b8-gettext-libs-0.19.8.1-2.el7-x86_64/checksum_data
             64 100%    0.14kB/s    0:00:00               64 100%    0.14kB/s    0:00:00 (xfr#367, ir-chk=1015/2207)
var/lib/yum/yumdb/g/d084b94e8d0b5b20019568ddf94c888e388ff9b8-gettext-libs-0.19.8.1-2.el7-x86_64/ts_install_langs
              2 100%    0.00kB/s    0:00:00                2 100%    0.00kB/s    0:00:00 (xfr#368, ir-chk=1007/2207)
var/lib/yum/yumdb/g/d084b94e8d0b5b20019568ddf94c888e388ff9b8-gettext-libs-0.19.8.1-2.el7-x86_64/var_uuid
             36 100%    0.08kB/s    0:00:00               36 100%    0.08kB/s    0:00:00 (xfr#369, ir-chk=1006/2207)
var/lib/yum/yumdb/g/e002d2259c623699c012e5253f4db20afa9bfe0f-glib2-2.54.2-2.el7-x86_64/
var/lib/yum/yumdb/g/e002d2259c623699c012e5253f4db20afa9bfe0f-glib2-2.54.2-2.el7-x86_64/checksum_data
             64 100%    0.13kB/s    0:00:00               64 100%    0.13kB/s    0:00:00 (xfr#370, ir-chk=1015/2217)
var/lib/yum/yumdb/g/e002d2259c623699c012e5253f4db20afa9bfe0f-glib2-2.54.2-2.el7-x86_64/ts_install_langs
              2 100%    0.00kB/s    0:00:00                2 100%    0.00kB/s    0:00:00 (xfr#371, ir-chk=1007/2217)
var/lib/yum/yumdb/g/e002d2259c623699c012e5253f4db20afa9bfe0f-glib2-2.54.2-2.el7-x86_64/var_uuid
             36 100%    0.08kB/s    0:00:00               36 100%    0.08kB/s    0:00:00 (xfr#372, ir-chk=1006/2217)
var/lib/yum/yumdb/g/e010728518889cbc61bef312fdaa7541c1688c3a-glibc-2.17-222.el7-x86_64/
